Archive member included to satisfy reference by file (symbol)

/home/jason/.pico-sdk/toolchain/14_2_Rel1/bin/../lib/gcc/arm-none-eabi/14.2.1/thumb/v6-m/nofp/libgcc.a(_dvmd_tls.o)
                              CMakeFiles/remapper_dual_b.dir/pico-sdk/src/rp2_common/pico_divider/divider_hardware.S.o (__aeabi_idiv0)
/home/jason/.pico-sdk/toolchain/14_2_Rel1/bin/../lib/gcc/arm-none-eabi/14.2.1/../../../../arm-none-eabi/lib/thumb/v6-m/nofp/libg.a(libc_a-calloc.o)
                              CMakeFiles/remapper_dual_b.dir/pico-sdk/src/rp2_common/pico_malloc/malloc.c.o (calloc)
/home/jason/.pico-sdk/toolchain/14_2_Rel1/bin/../lib/gcc/arm-none-eabi/14.2.1/../../../../arm-none-eabi/lib/thumb/v6-m/nofp/libg.a(libc_a-callocr.o)
                              /home/jason/.pico-sdk/toolchain/14_2_Rel1/bin/../lib/gcc/arm-none-eabi/14.2.1/../../../../arm-none-eabi/lib/thumb/v6-m/nofp/libg.a(libc_a-calloc.o) (_calloc_r)
/home/jason/.pico-sdk/toolchain/14_2_Rel1/bin/../lib/gcc/arm-none-eabi/14.2.1/../../../../arm-none-eabi/lib/thumb/v6-m/nofp/libg.a(libc_a-malloc.o)
                              CMakeFiles/remapper_dual_b.dir/pico-sdk/src/rp2_common/pico_malloc/malloc.c.o (malloc)
/home/jason/.pico-sdk/toolchain/14_2_Rel1/bin/../lib/gcc/arm-none-eabi/14.2.1/../../../../arm-none-eabi/lib/thumb/v6-m/nofp/libg.a(libc_a-mallocr.o)
                              /home/jason/.pico-sdk/toolchain/14_2_Rel1/bin/../lib/gcc/arm-none-eabi/14.2.1/../../../../arm-none-eabi/lib/thumb/v6-m/nofp/libg.a(libc_a-callocr.o) (_malloc_r)
/home/jason/.pico-sdk/toolchain/14_2_Rel1/bin/../lib/gcc/arm-none-eabi/14.2.1/../../../../arm-none-eabi/lib/thumb/v6-m/nofp/libg.a(libc_a-mlock.o)
                              /home/jason/.pico-sdk/toolchain/14_2_Rel1/bin/../lib/gcc/arm-none-eabi/14.2.1/../../../../arm-none-eabi/lib/thumb/v6-m/nofp/libg.a(libc_a-mallocr.o) (__malloc_lock)
/home/jason/.pico-sdk/toolchain/14_2_Rel1/bin/../lib/gcc/arm-none-eabi/14.2.1/../../../../arm-none-eabi/lib/thumb/v6-m/nofp/libg.a(libc_a-realloc.o)
                              CMakeFiles/remapper_dual_b.dir/pico-sdk/src/rp2_common/pico_malloc/malloc.c.o (realloc)
/home/jason/.pico-sdk/toolchain/14_2_Rel1/bin/../lib/gcc/arm-none-eabi/14.2.1/../../../../arm-none-eabi/lib/thumb/v6-m/nofp/libg.a(libc_a-reallocr.o)
                              /home/jason/.pico-sdk/toolchain/14_2_Rel1/bin/../lib/gcc/arm-none-eabi/14.2.1/../../../../arm-none-eabi/lib/thumb/v6-m/nofp/libg.a(libc_a-realloc.o) (_realloc_r)
/home/jason/.pico-sdk/toolchain/14_2_Rel1/bin/../lib/gcc/arm-none-eabi/14.2.1/../../../../arm-none-eabi/lib/thumb/v6-m/nofp/libg.a(libc_a-memcmp.o)
                              CMakeFiles/remapper_dual_b.dir/pico-sdk/src/rp2_common/pico_atomic/atomic.c.o (memcmp)
/home/jason/.pico-sdk/toolchain/14_2_Rel1/bin/../lib/gcc/arm-none-eabi/14.2.1/../../../../arm-none-eabi/lib/thumb/v6-m/nofp/libg.a(libc_a-memmove.o)
                              /home/jason/.pico-sdk/toolchain/14_2_Rel1/bin/../lib/gcc/arm-none-eabi/14.2.1/../../../../arm-none-eabi/lib/thumb/v6-m/nofp/libg.a(libc_a-reallocr.o) (memmove)
/home/jason/.pico-sdk/toolchain/14_2_Rel1/bin/../lib/gcc/arm-none-eabi/14.2.1/../../../../arm-none-eabi/lib/thumb/v6-m/nofp/libg.a(libc_a-lcltime_r.o)
                              CMakeFiles/remapper_dual_b.dir/pico-sdk/src/common/pico_util/datetime.c.o (localtime_r)
/home/jason/.pico-sdk/toolchain/14_2_Rel1/bin/../lib/gcc/arm-none-eabi/14.2.1/../../../../arm-none-eabi/lib/thumb/v6-m/nofp/libg.a(libc_a-mktime.o)
                              CMakeFiles/remapper_dual_b.dir/pico-sdk/src/common/pico_util/datetime.c.o (mktime)
/home/jason/.pico-sdk/toolchain/14_2_Rel1/bin/../lib/gcc/arm-none-eabi/14.2.1/../../../../arm-none-eabi/lib/thumb/v6-m/nofp/libg.a(libc_a-month_lengths.o)
                              /home/jason/.pico-sdk/toolchain/14_2_Rel1/bin/../lib/gcc/arm-none-eabi/14.2.1/../../../../arm-none-eabi/lib/thumb/v6-m/nofp/libg.a(libc_a-lcltime_r.o) (__month_lengths)
/home/jason/.pico-sdk/toolchain/14_2_Rel1/bin/../lib/gcc/arm-none-eabi/14.2.1/../../../../arm-none-eabi/lib/thumb/v6-m/nofp/libg.a(libc_a-tzcalc_limits.o)
                              /home/jason/.pico-sdk/toolchain/14_2_Rel1/bin/../lib/gcc/arm-none-eabi/14.2.1/../../../../arm-none-eabi/lib/thumb/v6-m/nofp/libg.a(libc_a-lcltime_r.o) (__tzcalc_limits)
/home/jason/.pico-sdk/toolchain/14_2_Rel1/bin/../lib/gcc/arm-none-eabi/14.2.1/../../../../arm-none-eabi/lib/thumb/v6-m/nofp/libg.a(libc_a-tzlock.o)
                              /home/jason/.pico-sdk/toolchain/14_2_Rel1/bin/../lib/gcc/arm-none-eabi/14.2.1/../../../../arm-none-eabi/lib/thumb/v6-m/nofp/libg.a(libc_a-lcltime_r.o) (__tz_lock)
/home/jason/.pico-sdk/toolchain/14_2_Rel1/bin/../lib/gcc/arm-none-eabi/14.2.1/../../../../arm-none-eabi/lib/thumb/v6-m/nofp/libg.a(libc_a-tzset.o)
[...]
Memory Configuration

Name             Origin             Length             Attributes
FLASH            0x10000000         0x00200000         xr
RAM              0x20000000         0x00040000         xrw
SCRATCH_X        0x20040000         0x00001000         xrw
SCRATCH_Y        0x20041000         0x00001000         xrw
*default*        0x00000000         0xffffffff

Linker script and memory map

LOAD /home/jason/.pico-sdk/toolchain/14_2_Rel1/bin/../lib/gcc/arm-none-eabi/14.2.1/thumb/v6-m/nofp/crti.o
LOAD /home/jason/.pico-sdk/toolchain/14_2_Rel1/bin/../lib/gcc/arm-none-eabi/14.2.1/thumb/v6-m/nofp/crtbegin.o
LOAD /home/jason/.pico-sdk/toolchain/14_2_Rel1/bin/../lib/gcc/arm-none-eabi/14.2.1/../../../../arm-none-eabi/lib/thumb/v6-m/nofp/crt0.o

.flash_begin    0x10000000        0x0
                0x10000000                        __flash_binary_start = .

.boot2          0x10000000      0x100
                0x10000000                        __boot2_start__ = .
 *(.boot2)
 .boot2         0x10000000      0x100 pico-sdk/src/rp2040/boot_stage2/CMakeFiles/bs2_default_library.dir/bs2_default_padded_checksummed.S.o
                0x10000100                        __boot2_end__ = .
                0x00000001                        ASSERT (((__boot2_end__ - __boot2_start__) == 0x100), ERROR: Pico second stage bootloader must be 256 bytes in size)

.text           0x10000100     0xaf9c
                0x10000100                        __logical_binary_start = .
 *(.vectors)
 .vectors       0x10000100       0xd4 CMakeFiles/remapper_dual_b.dir/pico-sdk/src/rp2_common/pico_crt0/crt0.S.o
                0x10000100                __vectors
                0x10000100                __VECTOR_TABLE
                0x100001c0                isr_invalid
                0x100001c0                __default_isrs_start
                0x100001c2                isr_nmi
                0x100001c4                isr_hardfault
                0x100001c6                isr_svcall
                0x100001c8                isr_pendsv
                0x100001ca                isr_systick
                0x100001cc                isr_irq30
                0x100001cc                __unhandled_user_irq
                0x100001cc                isr_irq13
                0x100001cc                isr_irq27
                0x100001cc                isr_irq31
                0x100001cc                isr_irq5
                0x100001cc                isr_irq11
                0x100001cc                isr_irq23
                0x100001cc                isr_irq18
                0x100001cc                isr_irq28
                0x100001cc                isr_irq19
                0x100001cc                isr_irq0
                0x100001cc                isr_irq6
                0x100001cc                isr_irq22
                0x100001cc                isr_irq17
                0x100001cc                isr_irq14
                0x100001cc                isr_irq2
                0x100001cc                isr_irq10
                0x100001cc                isr_irq8
                0x100001cc                isr_irq24
                0x100001cc                isr_irq1
                0x100001cc                isr_irq7
                0x100001cc                isr_irq21
                0x100001cc                isr_irq20
                0x100001cc                isr_irq15
                0x100001cc                isr_irq25
                0x100001cc                isr_irq4
                0x100001cc                isr_irq16
                0x100001cc                isr_irq29
                0x100001cc                isr_irq26
                0x100001cc                __default_isrs_end
                0x100001cc                isr_irq3
                0x100001cc                isr_irq12
                0x100001cc                isr_irq9
                0x100001d2                unhandled_user_irq_num_in_r0
 *(.binary_info_header)
 .binary_info_header
                0x100001d4       0x14 CMakeFiles/remapper_dual_b.dir/pico-sdk/src/rp2_common/pico_crt0/crt0.S.o
                0x100001e8                        __binary_info_header_end = .
 *(.embedded_block)
                0x100001e8                        __embedded_block_end = .
 *(.reset)
 .reset         0x100001e8       0x9c CMakeFiles/remapper_dual_b.dir/pico-sdk/src/rp2_common/pico_crt0/crt0.S.o
                0x100001e8                _entry_point
 *(.init)
 .init          0x10000284        0x4 /home/jason/.pico-sdk/toolchain/14_2_Rel1/bin/../lib/gcc/arm-none-eabi/14.2.1/thumb/v6-m/nofp/crti.o
                0x10000284                _init
 *(EXCLUDE_FILE(*libm.a: *libc.a:*lib_a-mem*.o *libgcc.a:) .text*)
 .text.register_tm_clones
                0x10000288       0x28 /home/jason/.pico-sdk/toolchain/14_2_Rel1/bin/../lib/gcc/arm-none-eabi/14.2.1/thumb/v6-m/nofp/crtbegin.o
 .text.frame_dummy
                0x100002b0       0x24 /home/jason/.pico-sdk/toolchain/14_2_Rel1/bin/../lib/gcc/arm-none-eabi/14.2.1/thumb/v6-m/nofp/crtbegin.o
 .text._Z15serial_callbackPKht
                0x100002d4       0x80 CMakeFiles/remapper_dual_b.dir/src/remapper_dual_b.cc.o
                0x100002d4                serial_callback(unsigned char const*, unsigned short)
 .text.startup.main
                0x10000354       0x5c CMakeFiles/remapper_dual_b.dir/src/remapper_dual_b.cc.o
                0x10000354                main
 .text._Z24report_received_callbackhhPKht
                0x100003b0       0x3c CMakeFiles/remapper_dual_b.dir/src/remapper_dual_b.cc.o
                0x100003b0                report_received_callback(unsigned char, unsigned char, unsigned char const*, unsigned short)
 .text.tuh_hid_report_received_cb
                0x100003ec       0x44 CMakeFiles/remapper_dual_b.dir/src/remapper_dual_b.cc.o
                0x100003ec                tuh_hid_report_received_cb
 .text._Z28descriptor_received_callbackttPKhithh
                0x10000430       0x58 CMakeFiles/remapper_dual_b.dir/src/remapper_dual_b.cc.o
                0x10000430                descriptor_received_callback(unsigned short, unsigned short, unsigned char const*, int, unsigned short, unsigned char, unsigned char)
 .text.tuh_hid_mount_cb
                0x10000488       0xb0 CMakeFiles/remapper_dual_b.dir/src/remapper_dual_b.cc.o
                0x10000488                tuh_hid_mount_cb
 .text._Z15umount_callbackhh
                0x10000538       0x1c CMakeFiles/remapper_dual_b.dir/src/remapper_dual_b.cc.o
                0x10000538                umount_callback(unsigned char, unsigned char)
 .text.tuh_hid_umount_cb
                0x10000554       0x2c CMakeFiles/remapper_dual_b.dir/src/remapper_dual_b.cc.o
                0x10000554                tuh_hid_umount_cb
 .text.tuh_sof_cb
                0x10000580       0x18 CMakeFiles/remapper_dual_b.dir/src/remapper_dual_b.cc.o
                0x10000580                tuh_sof_cb
 .text._Z13get_report_cbhhhhPht
                0x10000598       0x30 CMakeFiles/remapper_dual_b.dir/src/remapper_dual_b.cc.o
                0x10000598                get_report_cb(unsigned char, unsigned char, unsigned char, unsigned char, unsigned char*, unsigned short)
 .text._Z22set_report_complete_cbhhh
                0x100005c8       0x20 CMakeFiles/remapper_dual_b.dir/src/remapper_dual_b.cc.o
                0x100005c8                set_report_complete_cb(unsigned char, unsigned char, unsigned char)
 .text.tuh_midi_rx_cb
                0x100005e8       0x44 CMakeFiles/remapper_dual_b.dir/src/remapper_dual_b.cc.o
                0x100005e8                tuh_midi_rx_cb
 .text._Z5crc32PKhi
                0x1000062c       0x30 CMakeFiles/remapper_dual_b.dir/src/crc.cc.o
                0x1000062c                crc32(unsigned char const*, int)
 .text._ZL7my_putcc
                0x1000065c       0x7c CMakeFiles/remapper_dual_b.dir/src/serial.cc.o
 .text._Z11serial_initv
                0x100006d8       0x50 CMakeFiles/remapper_dual_b.dir/src/serial.cc.o
                0x100006d8                serial_init()
 .text._Z11serial_readPFbPKhtE
                0x10000728      0x150 CMakeFiles/remapper_dual_b.dir/src/serial.cc.o
                0x10000728                serial_read(bool (*)(unsigned char const*, unsigned short))
 .text._Z12serial_writePKhtb
                0x10000878      0x130 CMakeFiles/remapper_dual_b.dir/src/serial.cc.o
                0x10000878                serial_write(unsigned char const*, unsigned short, bool)
 .text._Z24serial_write_nonblockingPKht
                0x100009a8        0xc CMakeFiles/remapper_dual_b.dir/src/serial.cc.o
                0x100009a8                serial_write_nonblocking(unsigned char const*, unsigned short)
 .text._Z19do_queue_out_reportPKhthhh7OutType
                0x100009b4       0xc0 CMakeFiles/remapper_dual_b.dir/src/out_report.cc.o
                0x100009b4                do_queue_out_report(unsigned char const*, unsigned short, unsigned char, unsigned char, unsigned char, OutType)
 .text._Z19do_queue_get_reporthhhh
                0x10000a74       0x5c CMakeFiles/remapper_dual_b.dir/src/out_report.cc.o
                0x10000a74                do_queue_get_report(unsigned char, unsigned char, unsigned char, unsigned char)
 .text._Z18do_send_out_reportv
                0x10000ad0       0xc0 CMakeFiles/remapper_dual_b.dir/src/out_report.cc.o
                0x10000ad0                do_send_out_report()
 .text.tuh_hid_set_report_complete_cb
                0x10000b90       0x14 CMakeFiles/remapper_dual_b.dir/src/out_report.cc.o
                0x10000b90                tuh_hid_set_report_complete_cb
 .text.tuh_hid_get_report_complete_cb
                0x10000ba4       0x24 CMakeFiles/remapper_dual_b.dir/src/out_report.cc.o
                0x10000ba4                tuh_hid_get_report_complete_cb
 .text._Z15activity_led_onv
                0x10000bc8       0x44 CMakeFiles/remapper_dual_b.dir/src/activity_led.cc.o
                0x10000bc8                activity_led_on()
 .text._Z22activity_led_off_maybev
                0x10000c0c       0x50 CMakeFiles/remapper_dual_b.dir/src/activity_led.cc.o
                0x10000c0c                activity_led_off_maybe()
 .text._Z15led_driver_initv
                0x10000c5c       0xf8 CMakeFiles/remapper_dual_b.dir/src/led_driver.cc.o
                0x10000c5c                led_driver_init()
 .text._Z14led_driver_setb
                0x10000d54       0x40 CMakeFiles/remapper_dual_b.dir/src/led_driver.cc.o
                0x10000d54                led_driver_set(bool)
 .text.usbh_app_driver_get_cb
                0x10000d94        0xc CMakeFiles/remapper_dual_b.dir/src/app_driver.cc.o
                0x10000d94                usbh_app_driver_get_cb
 .text._Z10xboxh_initv
                0x10000da0        0x4 CMakeFiles/remapper_dual_b.dir/src/xbox.cc.o
                0x10000da0                xboxh_init()
 .text._Z10xboxh_openhhPK21tusb_desc_interface_tt
                0x10000da4      0x180 CMakeFiles/remapper_dual_b.dir/src/xbox.cc.o
                0x10000da4                xboxh_open(unsigned char, unsigned char, tusb_desc_interface_t const*, unsigned short)
 .text._Z16xboxh_set_confighh
                0x10000f24      0x1ac CMakeFiles/remapper_dual_b.dir/src/xbox.cc.o
                0x10000f24                xboxh_set_config(unsigned char, unsigned char)
 .text._Z13xboxh_xfer_cbhh13xfer_result_tm
                0x100010d0      0x4f4 CMakeFiles/remapper_dual_b.dir/src/xbox.cc.o
                0x100010d0                xboxh_xfer_cb(unsigned char, unsigned char, xfer_result_t, unsigned long)
 .text._Z11xboxh_closeh
                0x100015c4      0x154 CMakeFiles/remapper_dual_b.dir/src/xbox.cc.o
                0x100015c4                xboxh_close(unsigned char)
 .text.gpio_set_function
                0x10001718       0x34 CMakeFiles/remapper_dual_b.dir/pico-sdk/src/rp2_common/hardware_gpio/gpio.c.o
                0x10001718                gpio_set_function
 .text.panic    0x1000174c       0x30 CMakeFiles/remapper_dual_b.dir/pico-sdk/src/rp2_common/pico_platform_panic/panic.c.o
                0x1000174c                panic
 .text.hw_claim_lock
                0x1000177c       0x18 CMakeFiles/remapper_dual_b.dir/pico-sdk/src/common/hardware_claim/claim.c.o
                0x1000177c                hw_claim_lock
 .text.hw_claim_unlock
                0x10001794       0x14 CMakeFiles/remapper_dual_b.dir/pico-sdk/src/common/hardware_claim/claim.c.o
                0x10001794                hw_claim_unlock
 .text.hw_claim_or_assert
                0x100017a8       0x44 CMakeFiles/remapper_dual_b.dir/pico-sdk/src/common/hardware_claim/claim.c.o
                0x100017a8                hw_claim_or_assert
 .text.hw_claim_unused_from_range
                0x100017ec       0x88 CMakeFiles/remapper_dual_b.dir/pico-sdk/src/common/hardware_claim/claim.c.o
                0x100017ec                hw_claim_unused_from_range
 .text.next_striped_spin_lock_num
                0x10001874       0x18 CMakeFiles/remapper_dual_b.dir/pico-sdk/src/rp2_common/hardware_sync/sync.c.o
                0x10001874                next_striped_spin_lock_num
 .text.spin_lock_claim_unused
                0x1000188c       0x24 CMakeFiles/remapper_dual_b.dir/pico-sdk/src/rp2_common/hardware_sync/sync.c.o
                0x1000188c                spin_lock_claim_unused
 .text.spin_locks_reset
                0x100018b0       0x1c CMakeFiles/remapper_dual_b.dir/pico-sdk/src/rp2_common/hardware_sync_spin_lock/sync_spin_lock.c.o
                0x100018b0                spin_locks_reset
 .text.runtime_init_per_core_irq_priorities
                0x100018cc       0x24 CMakeFiles/remapper_dual_b.dir/pico-sdk/src/rp2_common/hardware_irq/irq.c.o
                0x100018cc                runtime_init_per_core_irq_priorities
 .text.irq_set_enabled
                0x100018f0       0x24 CMakeFiles/remapper_dual_b.dir/pico-sdk/src/rp2_common/hardware_irq/irq.c.o
                0x100018f0                irq_set_enabled
 .text.irq_set_exclusive_handler
                0x10001914       0x54 CMakeFiles/remapper_dual_b.dir/pico-sdk/src/rp2_common/hardware_irq/irq.c.o
                0x10001914                irq_set_exclusive_handler
 .text.irq_add_shared_handler
                0x10001968      0x1f4 CMakeFiles/remapper_dual_b.dir/pico-sdk/src/rp2_common/hardware_irq/irq.c.o
                0x10001968                irq_add_shared_handler
 .text.irq_remove_handler
                0x10001b5c      0x1d4 CMakeFiles/remapper_dual_b.dir/pico-sdk/src/rp2_common/hardware_irq/irq.c.o
                0x10001b5c                irq_remove_handler
 .text.irq_add_tail_to_free_list
                0x10001d30       0xb4 CMakeFiles/remapper_dual_b.dir/pico-sdk/src/rp2_common/hardware_irq/irq.c.o
                0x10001d30                irq_add_tail_to_free_list
 .text.lock_init
                0x10001de4       0x10 CMakeFiles/remapper_dual_b.dir/pico-sdk/src/common/pico_sync/lock_core.c.o
                0x10001de4                lock_init
 .text.runtime_init_mutex
                0x10001df4       0x50 CMakeFiles/remapper_dual_b.dir/pico-sdk/src/common/pico_sync/mutex.c.o
                0x10001df4                runtime_init_mutex
 .text.mutex_init
                0x10001e44       0x1c CMakeFiles/remapper_dual_b.dir/pico-sdk/src/common/pico_sync/mutex.c.o
                0x10001e44                mutex_init
 .text.critical_section_init
                0x10001e60       0x1c CMakeFiles/remapper_dual_b.dir/pico-sdk/src/common/pico_sync/critical_section.c.o
                0x10001e60                critical_section_init
 .text.sleep_until_callback
                0x10001e7c       0x30 CMakeFiles/remapper_dual_b.dir/pico-sdk/src/common/pico_time/time.c.o
 .text.alarm_pool_irq_handler
                0x10001eac      0x300 CMakeFiles/remapper_dual_b.dir/pico-sdk/src/common/pico_time/time.c.o
 .text.runtime_init_default_alarm_pool
                0x100021ac       0xdc CMakeFiles/remapper_dual_b.dir/pico-sdk/src/common/pico_time/time.c.o
                0x100021ac                runtime_init_default_alarm_pool
 .text.alarm_pool_add_alarm_at_force_in_context
                0x10002288       0xb0 CMakeFiles/remapper_dual_b.dir/pico-sdk/src/common/pico_time/time.c.o
                0x10002288                alarm_pool_add_alarm_at_force_in_context
 .text.alarm_pool_cancel_alarm
                0x10002338       0x74 CMakeFiles/remapper_dual_b.dir/pico-sdk/src/common/pico_time/time.c.o
                0x10002338                alarm_pool_cancel_alarm
 .text.sleep_ms
                0x100023ac       0xfc CMakeFiles/remapper_dual_b.dir/pico-sdk/src/common/pico_time/time.c.o
                0x100023ac                sleep_ms
 .text.best_effort_wfe_or_timeout
                0x100024a8      0x10c CMakeFiles/remapper_dual_b.dir/pico-sdk/src/common/pico_time/time.c.o
                0x100024a8                best_effort_wfe_or_timeout
 .text.timer_hardware_alarm_claim
                0x100025b4       0x14 CMakeFiles/remapper_dual_b.dir/pico-sdk/src/rp2_common/hardware_timer/timer.c.o
                0x100025b4                timer_hardware_alarm_claim
 .text.timer_time_us_64
                0x100025c8       0x10 CMakeFiles/remapper_dual_b.dir/pico-sdk/src/rp2_common/hardware_timer/timer.c.o
                0x100025c8                timer_time_us_64
 .text.time_us_64
                0x100025d8       0x14 CMakeFiles/remapper_dual_b.dir/pico-sdk/src/rp2_common/hardware_timer/timer.c.o
                0x100025d8                time_us_64
 .text.busy_wait_us
                0x100025ec       0x68 CMakeFiles/remapper_dual_b.dir/pico-sdk/src/rp2_common/hardware_timer/timer.c.o
                0x100025ec                busy_wait_us
 .text.busy_wait_until
                0x10002654       0x20 CMakeFiles/remapper_dual_b.dir/pico-sdk/src/rp2_common/hardware_timer/timer.c.o
                0x10002654                busy_wait_until
 .text.uart_init
                0x10002674      0x120 CMakeFiles/remapper_dual_b.dir/pico-sdk/src/rp2_common/hardware_uart/uart.c.o
                0x10002674                uart_init
 .text.uart_set_translate_crlf
                0x10002794       0x28 CMakeFiles/remapper_dual_b.dir/pico-sdk/src/rp2_common/hardware_uart/uart.c.o
                0x10002794                uart_set_translate_crlf
 .text.clock_configure_int_divider
                0x100027bc       0xf4 CMakeFiles/remapper_dual_b.dir/pico-sdk/src/rp2_common/hardware_clocks/clocks.c.o
                0x100027bc                clock_configure_int_divider
 .text.clock_configure_undivided
                0x100028b0       0xe8 CMakeFiles/remapper_dual_b.dir/pico-sdk/src/rp2_common/hardware_clocks/clocks.c.o
                0x100028b0                clock_configure_undivided
 .text.clock_get_hz
                0x10002998        0xc CMakeFiles/remapper_dual_b.dir/pico-sdk/src/rp2_common/hardware_clocks/clocks.c.o
                0x10002998                clock_get_hz
 .text.pll_init
                0x100029a4       0xa4 CMakeFiles/remapper_dual_b.dir/pico-sdk/src/rp2_common/hardware_pll/pll.c.o
                0x100029a4                pll_init
 .text.watchdog_reboot
                0x10002a48       0x9c CMakeFiles/remapper_dual_b.dir/pico-sdk/src/rp2_common/hardware_watchdog/watchdog.c.o
                0x10002a48                watchdog_reboot
 .text.tick_start
                0x10002ae4       0x10 CMakeFiles/remapper_dual_b.dir/pico-sdk/src/rp2_common/hardware_ticks/ticks.c.o
                0x10002ae4                tick_start
 .text.rom_func_lookup
                0x10002af4       0x10 CMakeFiles/remapper_dual_b.dir/pico-sdk/src/rp2_common/pico_bootrom/bootrom.c.o
                0x10002af4                rom_func_lookup
 .text.rom_data_lookup
                0x10002b04       0x10 CMakeFiles/remapper_dual_b.dir/pico-sdk/src/rp2_common/pico_bootrom/bootrom.c.o
                0x10002b04                rom_data_lookup
 .text.rom_funcs_lookup
                0x10002b14       0x44 CMakeFiles/remapper_dual_b.dir/pico-sdk/src/rp2_common/pico_bootrom/bootrom.c.o
                0x10002b14                rom_funcs_lookup
 .text.xosc_init
                0x10002b58       0x28 CMakeFiles/remapper_dual_b.dir/pico-sdk/src/rp2_common/hardware_xosc/xosc.c.o
                0x10002b58                xosc_init
 .text.first_per_core_initializer
                0x10002b80        0x4 CMakeFiles/remapper_dual_b.dir/pico-sdk/src/rp2_common/pico_runtime/runtime.c.o
 .text.hard_assertion_failure
                0x10002b84        0xc CMakeFiles/remapper_dual_b.dir/pico-sdk/src/rp2_common/pico_runtime/runtime.c.o
                0x10002b84                hard_assertion_failure
 .text.runtime_run_initializers
                0x10002b90       0x28 CMakeFiles/remapper_dual_b.dir/pico-sdk/src/rp2_common/pico_runtime/runtime.c.o
                0x10002b90                runtime_run_initializers
 .text.runtime_init_early_resets
                0x10002bb8       0x2c CMakeFiles/remapper_dual_b.dir/pico-sdk/src/rp2_common/pico_runtime_init/runtime_init.c.o
                0x10002bb8                runtime_init_early_resets
 .text.runtime_init_usb_power_down
                0x10002be4       0x1c CMakeFiles/remapper_dual_b.dir/pico-sdk/src/rp2_common/pico_runtime_init/runtime_init.c.o
                0x10002be4                runtime_init_usb_power_down
 .text.runtime_init_post_clock_resets
                0x10002c00       0x20 CMakeFiles/remapper_dual_b.dir/pico-sdk/src/rp2_common/pico_runtime_init/runtime_init.c.o
                0x10002c00                runtime_init_post_clock_resets
 .text.runtime_init_rp2040_gpio_ie_disable
                0x10002c20       0x14 CMakeFiles/remapper_dual_b.dir/pico-sdk/src/rp2_common/pico_runtime_init/runtime_init.c.o
                0x10002c20                runtime_init_rp2040_gpio_ie_disable
 .text.runtime_init_spin_locks_reset
                0x10002c34        0x8 CMakeFiles/remapper_dual_b.dir/pico-sdk/src/rp2_common/pico_runtime_init/runtime_init.c.o
                0x10002c34                runtime_init_spin_locks_reset
 .text.runtime_init_install_ram_vector_table
                0x10002c3c       0x1c CMakeFiles/remapper_dual_b.dir/pico-sdk/src/rp2_common/pico_runtime_init/runtime_init.c.o
                0x10002c3c                runtime_init_install_ram_vector_table
 .text.runtime_init_clocks
                0x10002c58       0xd8 CMakeFiles/remapper_dual_b.dir/pico-sdk/src/rp2_common/pico_runtime_init/runtime_init_clocks.c.o
                0x10002c58                runtime_init_clocks
 .text          0x10002d30       0x10 CMakeFiles/remapper_dual_b.dir/pico-sdk/src/rp2_common/pico_bit_ops/bit_ops_aeabi.S.o
 .text.__wrap___aeabi_idiv
                0x10002d40       0x50 CMakeFiles/remapper_dual_b.dir/pico-sdk/src/rp2_common/pico_divider/divider_hardware.S.o
                0x10002d40                __wrap___aeabi_idivmod
                0x10002d40                divmod_s32s32
                0x10002d40                div_s32s32
                0x10002d40                __wrap___aeabi_idiv
                0x10002d48                divmod_s32s32_unsafe
                0x10002d74                divmod_s32s32_savestate
 .text.__wrap___aeabi_uidiv
                0x10002d90       0x4c CMakeFiles/remapper_dual_b.dir/pico-sdk/src/rp2_common/pico_divider/divider_hardware.S.o
                0x10002d90                __wrap___aeabi_uidiv
                0x10002d90                __wrap___aeabi_uidivmod
                0x10002d90                div_u32u32
                0x10002d90                divmod_u32u32
                0x10002d98                divmod_u32u32_unsafe
                0x10002dc0                divmod_u32u32_savestate
 .text.__wrap___aeabi_ldiv
                0x10002ddc      0x424 CMakeFiles/remapper_dual_b.dir/pico-sdk/src/rp2_common/pico_divider/divider_hardware.S.o
                0x10002ddc                div_s64s64
                0x10002ddc                divmod_s64s64
                0x10002ddc                __wrap___aeabi_ldivmod
                0x10002e0c                div_u64u64
                0x10002e0c                divmod_u64u64
                0x10002e0c                __wrap___aeabi_uldivmod
                0x10002e1c                divmod_u64u64_savestate
                0x10002e3c                divmod_s64s64_unsafe
                0x10002ec4                divmod_u64u64_unsafe
 .text.__wrap___aeabi_darithmetic
                0x10003200       0x60 CMakeFiles/remapper_dual_b.dir/pico-sdk/src/rp2_common/pico_double/double_aeabi_rp2040.S.o
                0x10003200                __wrap___aeabi_drsub
                0x10003206                __wrap___aeabi_dsub
                0x10003210                __wrap___aeabi_dadd
                0x1000321a                __wrap___aeabi_ddiv
                0x1000324e                __wrap___aeabi_dmul
 .text.__wrap___aeabi_cdcmple
                0x10003260       0x6c CMakeFiles/remapper_dual_b.dir/pico-sdk/src/rp2_common/pico_double/double_aeabi_rp2040.S.o
                0x10003260                __wrap___aeabi_cdrcmple
                0x10003270                __wrap___aeabi_cdcmple
                0x10003270                __wrap___aeabi_cdcmpeq
 .text.__wrap___aeabi_dcmplt
                0x100032cc        0xc CMakeFiles/remapper_dual_b.dir/pico-sdk/src/rp2_common/pico_double/double_aeabi_rp2040.S.o
                0x100032cc                __wrap___aeabi_dcmplt
 .text.__wrap___aeabi_dcmple
                0x100032d8       0x10 CMakeFiles/remapper_dual_b.dir/pico-sdk/src/rp2_common/pico_double/double_aeabi_rp2040.S.o
                0x100032d8                __wrap___aeabi_dcmple
 .text.__wrap___aeabi_dcmpge
                0x100032e8       0x10 CMakeFiles/remapper_dual_b.dir/pico-sdk/src/rp2_common/pico_double/double_aeabi_rp2040.S.o
                0x100032e8                __wrap___aeabi_dcmpge
 .text.__wrap___aeabi_dcmpgt
                0x100032f8        0xa CMakeFiles/remapper_dual_b.dir/pico-sdk/src/rp2_common/pico_double/double_aeabi_rp2040.S.o
                0x100032f8                __wrap___aeabi_dcmpgt
 .text.__wrap___aeabi_dcmpun
                0x10003302       0x18 CMakeFiles/remapper_dual_b.dir/pico-sdk/src/rp2_common/pico_double/double_aeabi_rp2040.S.o
                0x10003302                __wrap___aeabi_dcmpun
 *fill*         0x1000331a        0x2 
 .text.__wrap___aeabi_i2d
                0x1000331c       0x38 CMakeFiles/remapper_dual_b.dir/pico-sdk/src/rp2_common/pico_double/double_aeabi_rp2040.S.o
                0x1000331c                __wrap___aeabi_ui2d
                0x1000331c                uint2double
                0x10003324                __wrap___aeabi_i2d
                0x10003324                int2double
 .text.__wrap___aeabi_d2iz
                0x10003354       0x48 CMakeFiles/remapper_dual_b.dir/pico-sdk/src/rp2_common/pico_double/double_aeabi_rp2040.S.o
                0x10003354                __wrap___aeabi_d2iz
                0x10003354                double2int_z
 .text.__wrap___aeabi_d2uiz
                0x1000339c       0x10 CMakeFiles/remapper_dual_b.dir/pico-sdk/src/rp2_common/pico_double/double_aeabi_rp2040.S.o
                0x1000339c                double2uint_z
                0x1000339c                double2uint
                0x1000339c                __wrap___aeabi_d2uiz
 .text.missing_double_func_shim
                0x100033ac        0xc CMakeFiles/remapper_dual_b.dir/pico-sdk/src/rp2_common/pico_double/double_init_rom_rp2040.c.o
 .text.__aeabi_double_init
                0x100033b8       0xa0 CMakeFiles/remapper_dual_b.dir/pico-sdk/src/rp2_common/pico_double/double_init_rom_rp2040.c.o
                0x100033b8                __aeabi_double_init
 .text.double_table_shim_on_use_helper
                0x10003458       0x2c CMakeFiles/remapper_dual_b.dir/pico-sdk/src/rp2_common/pico_double/double_v1_rom_shim_rp2040.S.o
                0x10003458                double_table_shim_on_use_helper
 .text.__aeabi_lmul
                0x10003484       0x32 CMakeFiles/remapper_dual_b.dir/pico-sdk/src/rp2_common/pico_int64_ops/pico_int64_ops_aeabi.S.o
                0x10003484                __wrap___aeabi_lmul
 *fill*         0x100034b6        0x2 
 .text.__wrap___aeabi_farithmetic
                0x100034b8       0x48 CMakeFiles/remapper_dual_b.dir/pico-sdk/src/rp2_common/pico_float/float_aeabi_rp2040.S.o
                0x100034b8                __wrap___aeabi_frsub
                0x100034be                __wrap___aeabi_fsub
                0x100034c4                __wrap___aeabi_fadd
                0x100034ca                __wrap___aeabi_fdiv
                0x100034f2                __wrap___aeabi_fmul
 .text.__wrap___aeabi_ui2f
                0x10003500        0xa CMakeFiles/remapper_dual_b.dir/pico-sdk/src/rp2_common/pico_float/float_aeabi_rp2040.S.o
                0x10003500                uint2float
                0x10003500                __wrap___aeabi_ui2f
 *fill*         0x1000350a        0x2 
 .text.__wrap___aeabi_i2f
                0x1000350c       0x44 CMakeFiles/remapper_dual_b.dir/pico-sdk/src/rp2_common/pico_float/float_aeabi_rp2040.S.o
                0x1000350c                int2float
                0x1000350c                __wrap___aeabi_i2f
 .text.__wrap___aeabi_f2uiz
                0x10003550        0xc CMakeFiles/remapper_dual_b.dir/pico-sdk/src/rp2_common/pico_float/float_aeabi_rp2040.S.o
                0x10003550                float2uint
                0x10003550                float2uint_z
                0x10003550                __wrap___aeabi_f2uiz
 .text.missing_float_func_shim
                0x1000355c        0xc CMakeFiles/remapper_dual_b.dir/pico-sdk/src/rp2_common/pico_float/float_init_rom_rp2040.c.o
 .text.__aeabi_float_init
                0x10003568       0x5c CMakeFiles/remapper_dual_b.dir/pico-sdk/src/rp2_common/pico_float/float_init_rom_rp2040.c.o
                0x10003568                __aeabi_float_init
 .text.__wrap_malloc
                0x100035c4       0x24 CMakeFiles/remapper_dual_b.dir/pico-sdk/src/rp2_common/pico_malloc/malloc.c.o
                0x100035c4                __wrap_malloc
 .text.__wrap_calloc
                0x100035e8       0x28 CMakeFiles/remapper_dual_b.dir/pico-sdk/src/rp2_common/pico_malloc/malloc.c.o
                0x100035e8                __wrap_calloc
 .text          0x10003610       0x10 CMakeFiles/remapper_dual_b.dir/pico-sdk/src/rp2_common/pico_mem_ops/mem_ops_aeabi.S.o
                0x10003610                __aeabi_mem_init
 .text.memset   0x10003620        0xc CMakeFiles/remapper_dual_b.dir/pico-sdk/src/rp2_common/pico_mem_ops/mem_ops_aeabi.S.o
                0x10003620                __wrap_memset
 .text.memcpy   0x1000362c        0xc CMakeFiles/remapper_dual_b.dir/pico-sdk/src/rp2_common/pico_mem_ops/mem_ops_aeabi.S.o
                0x1000362c                __wrap___aeabi_memcpy
                0x1000362c                __wrap_memcpy
 .text._out_null
                0x10003638        0x4 CMakeFiles/remapper_dual_b.dir/pico-sdk/src/rp2_common/pico_printf/printf.c.o
 .text._out_rev
                0x1000363c       0xac CMakeFiles/remapper_dual_b.dir/pico-sdk/src/rp2_common/pico_printf/printf.c.o
 .text._ntoa_format
                0x100036e8      0x1cc CMakeFiles/remapper_dual_b.dir/pico-sdk/src/rp2_common/pico_printf/printf.c.o
 .text._out_char
                0x100038b4       0x10 CMakeFiles/remapper_dual_b.dir/pico-sdk/src/rp2_common/pico_printf/printf.c.o
 .text._out_fct
                0x100038c4       0x10 CMakeFiles/remapper_dual_b.dir/pico-sdk/src/rp2_common/pico_printf/printf.c.o
 .text._ftoa    0x100038d4      0x4a8 CMakeFiles/remapper_dual_b.dir/pico-sdk/src/rp2_common/pico_printf/printf.c.o
 .text._etoa    0x10003d7c      0x57c CMakeFiles/remapper_dual_b.dir/pico-sdk/src/rp2_common/pico_printf/printf.c.o
 .text._vsnprintf
                0x100042f8      0xbe0 CMakeFiles/remapper_dual_b.dir/pico-sdk/src/rp2_common/pico_printf/printf.c.o
 .text.vfctprintf
                0x10004ed8       0x24 CMakeFiles/remapper_dual_b.dir/pico-sdk/src/rp2_common/pico_printf/printf.c.o
                0x10004ed8                vfctprintf
 .text.weak_raw_vprintf
                0x10004efc       0x30 CMakeFiles/remapper_dual_b.dir/pico-sdk/src/rp2_common/pico_printf/printf.c.o
                0x10004efc                weak_raw_vprintf
 .text._exit    0x10004f2c        0x4 CMakeFiles/remapper_dual_b.dir/pico-sdk/src/rp2_common/pico_clib_interface/newlib_interface.c.o
                0x10004f2c                _exit
 .text._sbrk    0x10004f30       0x34 CMakeFiles/remapper_dual_b.dir/pico-sdk/src/rp2_common/pico_clib_interface/newlib_interface.c.o
                0x10004f30                _sbrk
 .text.exit     0x10004f64        0x8 CMakeFiles/remapper_dual_b.dir/pico-sdk/src/rp2_common/pico_clib_interface/newlib_interface.c.o
                0x10004f64                exit
 .text.runtime_init
                0x10004f6c       0x2c CMakeFiles/remapper_dual_b.dir/pico-sdk/src/rp2_common/pico_clib_interface/newlib_interface.c.o
                0x10004f6c                runtime_init
 .text.stdio_out_chars_no_crlf
                0x10004f98       0x10 CMakeFiles/remapper_dual_b.dir/pico-sdk/src/rp2_common/pico_stdio/stdio.c.o
 .text.stdio_out_chars_crlf
                0x10004fa8       0xb0 CMakeFiles/remapper_dual_b.dir/pico-sdk/src/rp2_common/pico_stdio/stdio.c.o
 .text.stdio_buffered_printer
                0x10005058       0x64 CMakeFiles/remapper_dual_b.dir/pico-sdk/src/rp2_common/pico_stdio/stdio.c.o
 .text.stdio_put_string
                0x100050bc       0xfc CMakeFiles/remapper_dual_b.dir/pico-sdk/src/rp2_common/pico_stdio/stdio.c.o
                0x100050bc                stdio_put_string
 .text.stdio_set_driver_enabled
                0x100051b8       0x30 CMakeFiles/remapper_dual_b.dir/pico-sdk/src/rp2_common/pico_stdio/stdio.c.o
                0x100051b8                stdio_set_driver_enabled
 .text.stdio_init_all
                0x100051e8        0xc CMakeFiles/remapper_dual_b.dir/pico-sdk/src/rp2_common/pico_stdio/stdio.c.o
                0x100051e8                stdio_init_all
 .text.__wrap_putchar
                0x100051f4       0x94 CMakeFiles/remapper_dual_b.dir/pico-sdk/src/rp2_common/pico_stdio/stdio.c.o
                0x100051f4                stdio_putchar
                0x100051f4                __wrap_putchar
 .text.__wrap_puts
                0x10005288       0x3c CMakeFiles/remapper_dual_b.dir/pico-sdk/src/rp2_common/pico_stdio/stdio.c.o
                0x10005288                __wrap_puts
                0x10005288                stdio_puts
 .text.__wrap_vprintf
                0x100052c4       0xcc CMakeFiles/remapper_dual_b.dir/pico-sdk/src/rp2_common/pico_stdio/stdio.c.o
                0x100052c4                __wrap_vprintf
                0x100052c4                stdio_vprintf
 .text.__wrap_printf
                0x10005390       0x18 CMakeFiles/remapper_dual_b.dir/pico-sdk/src/rp2_common/pico_stdio/stdio.c.o
                0x10005390                stdio_printf
                0x10005390                __wrap_printf
 .text.stdio_uart_out_chars
                0x100053a8       0x4c CMakeFiles/remapper_dual_b.dir/pico-sdk/src/rp2_common/pico_stdio_uart/stdio_uart.c.o
 .text.stdio_uart_in_chars
                0x100053f4       0x90 CMakeFiles/remapper_dual_b.dir/pico-sdk/src/rp2_common/pico_stdio_uart/stdio_uart.c.o
                0x100053f4                stdio_uart_in_chars
 .text.on_uart_rx
                0x10005484       0x28 CMakeFiles/remapper_dual_b.dir/pico-sdk/src/rp2_common/pico_stdio_uart/stdio_uart.c.o
 .text.stdio_uart_out_flush
                0x100054ac       0x14 CMakeFiles/remapper_dual_b.dir/pico-sdk/src/rp2_common/pico_stdio_uart/stdio_uart.c.o
 .text.stdio_uart_set_chars_available_callback
                0x100054c0       0x84 CMakeFiles/remapper_dual_b.dir/pico-sdk/src/rp2_common/pico_stdio_uart/stdio_uart.c.o
 .text.stdio_uart_init
                0x10005544       0x50 CMakeFiles/remapper_dual_b.dir/pico-sdk/src/rp2_common/pico_stdio_uart/stdio_uart.c.o
                0x10005544                stdio_uart_init
 .text.stdio_uart_init_full
                0x10005594       0x3c CMakeFiles/remapper_dual_b.dir/pico-sdk/src/rp2_common/pico_stdio_uart/stdio_uart.c.o
                0x10005594                stdio_uart_init_full
 .text.pio_claim_unused_sm
                0x100055d0       0x38 CMakeFiles/remapper_dual_b.dir/pico-sdk/src/rp2_common/hardware_pio/pio.c.o
                0x100055d0                pio_claim_unused_sm
 .text.pio_add_program
                0x10005608       0xf8 CMakeFiles/remapper_dual_b.dir/pico-sdk/src/rp2_common/hardware_pio/pio.c.o
                0x10005608                pio_add_program
 .text.pio_sm_set_consecutive_pindirs
                0x10005700       0xb4 CMakeFiles/remapper_dual_b.dir/pico-sdk/src/rp2_common/hardware_pio/pio.c.o
                0x10005700                pio_sm_set_consecutive_pindirs
 .text.pio_sm_init
                0x100057b4       0x9c CMakeFiles/remapper_dual_b.dir/pico-sdk/src/rp2_common/hardware_pio/pio.c.o
                0x100057b4                pio_sm_init
 .text.call_tuh_sof_cb
                0x10005850        0x8 CMakeFiles/remapper_dual_b.dir/tinyusb/src/portable/raspberrypi/rp2040/hcd_rp2040.c.o
 .text.hcd_rp2040_irq
                0x10005858      0x484 CMakeFiles/remapper_dual_b.dir/tinyusb/src/portable/raspberrypi/rp2040/hcd_rp2040.c.o
 .text.hcd_init
                0x10005cdc       0x54 CMakeFiles/remapper_dual_b.dir/tinyusb/src/portable/raspberrypi/rp2040/hcd_rp2040.c.o
                0x10005cdc                hcd_init
 .text.hcd_port_reset
                0x10005d30        0x4 CMakeFiles/remapper_dual_b.dir/tinyusb/src/portable/raspberrypi/rp2040/hcd_rp2040.c.o
                0x10005d30                hcd_port_reset
 .text.hcd_port_reset_end
                0x10005d34        0x4 CMakeFiles/remapper_dual_b.dir/tinyusb/src/portable/raspberrypi/rp2040/hcd_rp2040.c.o
                0x10005d34                hcd_port_reset_end
 .text.hcd_port_connect_status
                0x10005d38       0x18 CMakeFiles/remapper_dual_b.dir/tinyusb/src/portable/raspberrypi/rp2040/hcd_rp2040.c.o
                0x10005d38                hcd_port_connect_status
 .text.hcd_port_speed_get
                0x10005d50       0x24 CMakeFiles/remapper_dual_b.dir/tinyusb/src/portable/raspberrypi/rp2040/hcd_rp2040.c.o
                0x10005d50                hcd_port_speed_get
 .text.hcd_device_close
                0x10005d74      0x470 CMakeFiles/remapper_dual_b.dir/tinyusb/src/portable/raspberrypi/rp2040/hcd_rp2040.c.o
                0x10005d74                hcd_device_close
 .text.hcd_int_enable
                0x100061e4        0xc CMakeFiles/remapper_dual_b.dir/tinyusb/src/portable/raspberrypi/rp2040/hcd_rp2040.c.o
                0x100061e4                hcd_int_enable
 .text.hcd_edpt_open
                0x100061f0      0x288 CMakeFiles/remapper_dual_b.dir/tinyusb/src/portable/raspberrypi/rp2040/hcd_rp2040.c.o
                0x100061f0                hcd_edpt_open
 .text.hcd_edpt_xfer
                0x10006478      0x2dc CMakeFiles/remapper_dual_b.dir/tinyusb/src/portable/raspberrypi/rp2040/hcd_rp2040.c.o
                0x10006478                hcd_edpt_xfer
 .text.hcd_edpt_abort_xfer
                0x10006754        0x4 CMakeFiles/remapper_dual_b.dir/tinyusb/src/portable/raspberrypi/rp2040/hcd_rp2040.c.o
                0x10006754                hcd_edpt_abort_xfer
 .text.hcd_setup_send
                0x10006758       0xcc CMakeFiles/remapper_dual_b.dir/tinyusb/src/portable/raspberrypi/rp2040/hcd_rp2040.c.o
                0x10006758                hcd_setup_send
 .text.rp2040_usb_init
                0x10006824       0x40 CMakeFiles/remapper_dual_b.dir/tinyusb/src/portable/raspberrypi/rp2040/rp2040_usb.c.o
                0x10006824                rp2040_usb_init
 .text.hw_endpoint_reset_transfer
                0x10006864        0xc CMakeFiles/remapper_dual_b.dir/tinyusb/src/portable/raspberrypi/rp2040/rp2040_usb.c.o
                0x10006864                hw_endpoint_reset_transfer
 .text.hw_endpoint_start_next_buffer
                0x10006870      0x1f4 CMakeFiles/remapper_dual_b.dir/tinyusb/src/portable/raspberrypi/rp2040/rp2040_usb.c.o
                0x10006870                hw_endpoint_start_next_buffer
 .text.hw_endpoint_xfer_start
                0x10006a64       0x14 CMakeFiles/remapper_dual_b.dir/tinyusb/src/portable/raspberrypi/rp2040/rp2040_usb.c.o
                0x10006a64                hw_endpoint_xfer_start
 .text.hw_endpoint_xfer_continue
                0x10006a78      0x174 CMakeFiles/remapper_dual_b.dir/tinyusb/src/portable/raspberrypi/rp2040/rp2040_usb.c.o
                0x10006a78                hw_endpoint_xfer_continue
 .text._control_blocking_complete_cb
                0x10006bec        0x8 CMakeFiles/remapper_dual_b.dir/tinyusb/src/host/usbh.c.o
 .text.process_removing_device
                0x10006bf4      0x15c CMakeFiles/remapper_dual_b.dir/tinyusb/src/host/usbh.c.o
 .text.usbh_control_xfer_cb.isra.0
                0x10006d50      0x224 CMakeFiles/remapper_dual_b.dir/tinyusb/src/host/usbh.c.o
 .text.tuh_event_hook_cb
                0x10006f74        0x4 CMakeFiles/remapper_dual_b.dir/tinyusb/src/host/usbh.c.o
                0x10006f74                tuh_event_hook_cb
 .text.tuh_vid_pid_get
                0x10006f78       0x38 CMakeFiles/remapper_dual_b.dir/tinyusb/src/host/usbh.c.o
                0x10006f78                tuh_vid_pid_get
 .text.tuh_speed_get
                0x10006fb0       0x28 CMakeFiles/remapper_dual_b.dir/tinyusb/src/host/usbh.c.o
                0x10006fb0                tuh_speed_get
 .text.tuh_get_ep0_size
                0x10006fd8       0x1c CMakeFiles/remapper_dual_b.dir/tinyusb/src/host/usbh.c.o
                0x10006fd8                tuh_get_ep0_size
 .text.tuh_get_hub_addr_port
                0x10006ff4       0x28 CMakeFiles/remapper_dual_b.dir/tinyusb/src/host/usbh.c.o
                0x10006ff4                tuh_get_hub_addr_port
 .text.tuh_init
                0x1000701c      0x128 CMakeFiles/remapper_dual_b.dir/tinyusb/src/host/usbh.c.o
                0x1000701c                tuh_init
 .text.tuh_control_xfer
                0x10007144      0x140 CMakeFiles/remapper_dual_b.dir/tinyusb/src/host/usbh.c.o
                0x10007144                tuh_control_xfer
 .text.tuh_task_ext.part.0
                0x10007284      0x2a0 CMakeFiles/remapper_dual_b.dir/tinyusb/src/host/usbh.c.o
 .text.tuh_task_ext
                0x10007524       0x18 CMakeFiles/remapper_dual_b.dir/tinyusb/src/host/usbh.c.o
                0x10007524                tuh_task_ext
 .text.process_enumeration
                0x1000753c      0x6b8 CMakeFiles/remapper_dual_b.dir/tinyusb/src/host/usbh.c.o
 .text.usbh_get_rhport
                0x10007bf4       0x20 CMakeFiles/remapper_dual_b.dir/tinyusb/src/host/usbh.c.o
                0x10007bf4                usbh_get_rhport
 .text.usbh_get_enum_buf
                0x10007c14        0x8 CMakeFiles/remapper_dual_b.dir/tinyusb/src/host/usbh.c.o
                0x10007c14                usbh_get_enum_buf
 .text.usbh_edpt_claim
                0x10007c1c       0x48 CMakeFiles/remapper_dual_b.dir/tinyusb/src/host/usbh.c.o
                0x10007c1c                usbh_edpt_claim
 .text.usbh_edpt_release
                0x10007c64       0x48 CMakeFiles/remapper_dual_b.dir/tinyusb/src/host/usbh.c.o
                0x10007c64                usbh_edpt_release
 .text.usbh_edpt_xfer_with_callback
                0x10007cac       0x70 CMakeFiles/remapper_dual_b.dir/tinyusb/src/host/usbh.c.o
                0x10007cac                usbh_edpt_xfer_with_callback
 .text.tuh_edpt_open
                0x10007d1c       0x50 CMakeFiles/remapper_dual_b.dir/tinyusb/src/host/usbh.c.o
                0x10007d1c                tuh_edpt_open
 .text.tuh_descriptor_get_hid_report
                0x10007d6c      0x14c CMakeFiles/remapper_dual_b.dir/tinyusb/src/host/usbh.c.o
                0x10007d6c                tuh_descriptor_get_hid_report
 .text.usbh_driver_set_config_complete
                0x10007eb8      0x19c CMakeFiles/remapper_dual_b.dir/tinyusb/src/host/usbh.c.o
                0x10007eb8                usbh_driver_set_config_complete
 .text.connection_port_reset_complete
                0x10008054       0x34 CMakeFiles/remapper_dual_b.dir/tinyusb/src/host/hub.c.o
 .text.hub_clear_feature_complete_stub
                0x10008088       0x30 CMakeFiles/remapper_dual_b.dir/tinyusb/src/host/hub.c.o
 .text.config_set_port_power
                0x100080b8       0x58 CMakeFiles/remapper_dual_b.dir/tinyusb/src/host/hub.c.o
 .text.config_port_power_complete
                0x10008110       0x90 CMakeFiles/remapper_dual_b.dir/tinyusb/src/host/hub.c.o
 .text.connection_clear_conn_change_complete
                0x100081a0       0x94 CMakeFiles/remapper_dual_b.dir/tinyusb/src/host/hub.c.o
 .text.hub_get_status_complete
                0x10008234       0x8c CMakeFiles/remapper_dual_b.dir/tinyusb/src/host/hub.c.o
 .text.hub_port_get_status_complete
                0x100082c0      0x168 CMakeFiles/remapper_dual_b.dir/tinyusb/src/host/hub.c.o
 .text.hub_port_clear_feature
                0x10008428       0x48 CMakeFiles/remapper_dual_b.dir/tinyusb/src/host/hub.c.o
                0x10008428                hub_port_clear_feature
 .text.hub_port_get_status
                0x10008470       0x54 CMakeFiles/remapper_dual_b.dir/tinyusb/src/host/hub.c.o
                0x10008470                hub_port_get_status
 .text.hub_init
                0x100084c4       0x14 CMakeFiles/remapper_dual_b.dir/tinyusb/src/host/hub.c.o
                0x100084c4                hub_init
 .text.hub_deinit
                0x100084d8        0x4 CMakeFiles/remapper_dual_b.dir/tinyusb/src/host/hub.c.o
                0x100084d8                hub_deinit
 .text.hub_open
                0x100084dc       0x54 CMakeFiles/remapper_dual_b.dir/tinyusb/src/host/hub.c.o
                0x100084dc                hub_open
 .text.hub_close
                0x10008530       0x24 CMakeFiles/remapper_dual_b.dir/tinyusb/src/host/hub.c.o
                0x10008530                hub_close
 .text.hub_edpt_status_xfer
                0x10008554       0x28 CMakeFiles/remapper_dual_b.dir/tinyusb/src/host/hub.c.o
                0x10008554                hub_edpt_status_xfer
 .text.hub_set_config
                0x1000857c       0x54 CMakeFiles/remapper_dual_b.dir/tinyusb/src/host/hub.c.o
                0x1000857c                hub_set_config
 .text.hub_xfer_cb
                0x100085d0      0x118 CMakeFiles/remapper_dual_b.dir/tinyusb/src/host/hub.c.o
                0x100085d0                hub_xfer_cb
 .text.get_report_complete
                0x100086e8      0x21c CMakeFiles/remapper_dual_b.dir/tinyusb/src/class/hid/hid_host.c.o
 .text.set_report_complete
                0x10008904      0x21c CMakeFiles/remapper_dual_b.dir/tinyusb/src/class/hid/hid_host.c.o
 .text.process_set_config
                0x10008b20      0x354 CMakeFiles/remapper_dual_b.dir/tinyusb/src/class/hid/hid_host.c.o
 .text.tuh_hid_itf_get_info
                0x10008e74       0x60 CMakeFiles/remapper_dual_b.dir/tinyusb/src/class/hid/hid_host.c.o
                0x10008e74                tuh_hid_itf_get_info
 .text.tuh_hid_get_report
                0x10008ed4       0x6c CMakeFiles/remapper_dual_b.dir/tinyusb/src/class/hid/hid_host.c.o
                0x10008ed4                tuh_hid_get_report
 .text.tuh_hid_set_report
                0x10008f40       0x6c CMakeFiles/remapper_dual_b.dir/tinyusb/src/class/hid/hid_host.c.o
                0x10008f40                tuh_hid_set_report
 .text.tuh_hid_receive_report
                0x10008fac       0x54 CMakeFiles/remapper_dual_b.dir/tinyusb/src/class/hid/hid_host.c.o
                0x10008fac                tuh_hid_receive_report
 .text.hidh_init
                0x10009000       0x18 CMakeFiles/remapper_dual_b.dir/tinyusb/src/class/hid/hid_host.c.o
                0x10009000                hidh_init
 .text.hidh_deinit
                0x10009018        0x4 CMakeFiles/remapper_dual_b.dir/tinyusb/src/class/hid/hid_host.c.o
                0x10009018                hidh_deinit
 .text.hidh_xfer_cb
                0x1000901c      0x2e4 CMakeFiles/remapper_dual_b.dir/tinyusb/src/class/hid/hid_host.c.o
                0x1000901c                hidh_xfer_cb
 .text.hidh_close
                0x10009300      0x334 CMakeFiles/remapper_dual_b.dir/tinyusb/src/class/hid/hid_host.c.o
                0x10009300                hidh_close
 .text.hidh_open
                0x10009634      0x1f0 CMakeFiles/remapper_dual_b.dir/tinyusb/src/class/hid/hid_host.c.o
                0x10009634                hidh_open
 .text.hidh_set_config
                0x10009824      0x21c CMakeFiles/remapper_dual_b.dir/tinyusb/src/class/hid/hid_host.c.o
                0x10009824                hidh_set_config
 .text.tusb_init
                0x10009a40        0xc CMakeFiles/remapper_dual_b.dir/tinyusb/src/tusb.c.o
                0x10009a40                tusb_init
 .text.tu_edpt_claim
                0x10009a4c       0x50 CMakeFiles/remapper_dual_b.dir/tinyusb/src/tusb.c.o
                0x10009a4c                tu_edpt_claim
 .text.tu_edpt_release
                0x10009a9c       0x38 CMakeFiles/remapper_dual_b.dir/tinyusb/src/tusb.c.o
                0x10009a9c                tu_edpt_release
 .text.tu_edpt_validate
                0x10009ad4       0x7c CMakeFiles/remapper_dual_b.dir/tinyusb/src/tusb.c.o
                0x10009ad4                tu_edpt_validate
 .text.tu_edpt_bind_driver
                0x10009b50       0x34 CMakeFiles/remapper_dual_b.dir/tinyusb/src/tusb.c.o
                0x10009b50                tu_edpt_bind_driver
 .text.tu_desc_get_interface_total_len
                0x10009b84       0x4c CMakeFiles/remapper_dual_b.dir/tinyusb/src/tusb.c.o
                0x10009b84                tu_desc_get_interface_total_len
 .text.tu_fifo_config
                0x10009bd0       0x6c CMakeFiles/remapper_dual_b.dir/tinyusb/src/common/tusb_fifo.c.o
                0x10009bd0                tu_fifo_config
 .text.tu_fifo_count
                0x10009c3c       0x2c CMakeFiles/remapper_dual_b.dir/tinyusb/src/common/tusb_fifo.c.o
                0x10009c3c                tu_fifo_count
 .text.tu_fifo_empty
                0x10009c68       0x10 CMakeFiles/remapper_dual_b.dir/tinyusb/src/common/tusb_fifo.c.o
                0x10009c68                tu_fifo_empty
 .text.tu_fifo_read
                0x10009c78       0x9c CMakeFiles/remapper_dual_b.dir/tinyusb/src/common/tusb_fifo.c.o
                0x10009c78                tu_fifo_read
 .text.tu_fifo_read_n
                0x10009d14       0xe8 CMakeFiles/remapper_dual_b.dir/tinyusb/src/common/tusb_fifo.c.o
                0x10009d14                tu_fifo_read_n
 .text.tu_fifo_write
                0x10009dfc       0xa4 CMakeFiles/remapper_dual_b.dir/tinyusb/src/common/tusb_fifo.c.o
                0x10009dfc                tu_fifo_write
 .text.tu_fifo_write_n
                0x10009ea0      0x178 CMakeFiles/remapper_dual_b.dir/tinyusb/src/common/tusb_fifo.c.o
                0x10009ea0                tu_fifo_write_n
 .text.tu_fifo_clear
                0x1000a018       0x40 CMakeFiles/remapper_dual_b.dir/tinyusb/src/common/tusb_fifo.c.o
                0x1000a018                tu_fifo_clear
 .text.board_init
                0x1000a058       0x20 CMakeFiles/remapper_dual_b.dir/tinyusb/hw/bsp/rp2040/family.c.o
                0x1000a058                board_init
 .text.startup._retrieve_unique_id_on_boot
                0x1000a078       0x10 CMakeFiles/remapper_dual_b.dir/pico-sdk/src/rp2_common/pico_unique_id/unique_id.c.o
 .text.flash_get_unique_id
                0x1000a088       0x3c CMakeFiles/remapper_dual_b.dir/pico-sdk/src/rp2_common/hardware_flash/flash.c.o
                0x1000a088                flash_get_unique_id
 .text.midih_init
                0x1000a0c4       0xc8 CMakeFiles/remapper_dual_b.dir/usb_midi_host/usb_midi_host.c.o
                0x1000a0c4                midih_init
 .text.midih_xfer_cb
                0x1000a18c      0x150 CMakeFiles/remapper_dual_b.dir/usb_midi_host/usb_midi_host.c.o
                0x1000a18c                midih_xfer_cb
 .text.midih_close
                0x1000a2dc       0x64 CMakeFiles/remapper_dual_b.dir/usb_midi_host/usb_midi_host.c.o
                0x1000a2dc                midih_close
 .text.midih_open
                0x1000a340      0x1f4 CMakeFiles/remapper_dual_b.dir/usb_midi_host/usb_midi_host.c.o
                0x1000a340                midih_open
 .text.midih_set_config
                0x1000a534       0x64 CMakeFiles/remapper_dual_b.dir/usb_midi_host/usb_midi_host.c.o
                0x1000a534                midih_set_config
 .text.tuh_midi_packet_read
                0x1000a598       0x38 CMakeFiles/remapper_dual_b.dir/usb_midi_host/usb_midi_host.c.o
                0x1000a598                tuh_midi_packet_read
 .text.calloc   0x1000a5d0       0x18 /home/jason/.pico-sdk/toolchain/14_2_Rel1/bin/../lib/gcc/arm-none-eabi/14.2.1/../../../../arm-none-eabi/lib/thumb/v6-m/nofp/libg.a(libc_a-calloc.o)
                0x1000a5d0                calloc
 .text._calloc_r
                0x1000a5e8       0xa8 /home/jason/.pico-sdk/toolchain/14_2_Rel1/bin/../lib/gcc/arm-none-eabi/14.2.1/../../../../arm-none-eabi/lib/thumb/v6-m/nofp/libg.a(libc_a-callocr.o)
                0x1000a5e8                _calloc_r
 .text.malloc   0x1000a690       0x14 /home/jason/.pico-sdk/toolchain/14_2_Rel1/bin/../lib/gcc/arm-none-eabi/14.2.1/../../../../arm-none-eabi/lib/thumb/v6-m/nofp/libg.a(libc_a-malloc.o)
                0x1000a690                malloc
 .text._malloc_r
                0x1000a6a4      0x5cc /home/jason/.pico-sdk/toolchain/14_2_Rel1/bin/../lib/gcc/arm-none-eabi/14.2.1/../../../../arm-none-eabi/lib/thumb/v6-m/nofp/libg.a(libc_a-mallocr.o)
                0x1000a6a4                _malloc_r
 .text.__malloc_lock
                0x1000ac70       0x10 /home/jason/.pico-sdk/toolchain/14_2_Rel1/bin/../lib/gcc/arm-none-eabi/14.2.1/../../../../arm-none-eabi/lib/thumb/v6-m/nofp/libg.a(libc_a-mlock.o)
                0x1000ac70                __malloc_lock
 .text.__malloc_unlock
                0x1000ac80       0x10 /home/jason/.pico-sdk/toolchain/14_2_Rel1/bin/../lib/gcc/arm-none-eabi/14.2.1/../../../../arm-none-eabi/lib/thumb/v6-m/nofp/libg.a(libc_a-mlock.o)
                0x1000ac80                __malloc_unlock
 .text._sbrk_r  0x1000ac90       0x24 /home/jason/.pico-sdk/toolchain/14_2_Rel1/bin/../lib/gcc/arm-none-eabi/14.2.1/../../../../arm-none-eabi/lib/thumb/v6-m/nofp/libg.a(libc_a-sbrkr.o)
                0x1000ac90                _sbrk_r
 .text.__errno  0x1000acb4        0xc /home/jason/.pico-sdk/toolchain/14_2_Rel1/bin/../lib/gcc/arm-none-eabi/14.2.1/../../../../arm-none-eabi/lib/thumb/v6-m/nofp/libg.a(libc_a-errno.o)
                0x1000acb4                __errno
 .text.__retarget_lock_acquire_recursive
                0x1000acc0        0x4 /home/jason/.pico-sdk/toolchain/14_2_Rel1/bin/../lib/gcc/arm-none-eabi/14.2.1/../../../../arm-none-eabi/lib/thumb/v6-m/nofp/libg.a(libc_a-lock.o)
                0x1000acc0                __retarget_lock_acquire_recursive
 .text.__retarget_lock_release_recursive
                0x1000acc4        0x4 /home/jason/.pico-sdk/toolchain/14_2_Rel1/bin/../lib/gcc/arm-none-eabi/14.2.1/../../../../arm-none-eabi/lib/thumb/v6-m/nofp/libg.a(libc_a-lock.o)
                0x1000acc4                __retarget_lock_release_recursive
 .text.sysconf  0x1000acc8       0x1c /home/jason/.pico-sdk/toolchain/14_2_Rel1/bin/../lib/gcc/arm-none-eabi/14.2.1/../../../../arm-none-eabi/lib/thumb/v6-m/nofp/libg.a(libc_a-sysconf.o)
                0x1000acc8                sysconf
 .text.strlen   0x1000ace4       0x5c /home/jason/.pico-sdk/toolchain/14_2_Rel1/bin/../lib/gcc/arm-none-eabi/14.2.1/../../../../arm-none-eabi/lib/thumb/v6-m/nofp/libg.a(libc_a-strlen-stub.o)
                0x1000ace4                strlen
 .text._malloc_trim_r
                0x1000ad40       0xb4 /home/jason/.pico-sdk/toolchain/14_2_Rel1/bin/../lib/gcc/arm-none-eabi/14.2.1/../../../../arm-none-eabi/lib/thumb/v6-m/nofp/libg.a(libc_a-freer.o)
                0x1000ad40                _malloc_trim_r
 .text._free_r  0x1000adf4      0x1f0 /home/jason/.pico-sdk/toolchain/14_2_Rel1/bin/../lib/gcc/arm-none-eabi/14.2.1/../../../../arm-none-eabi/lib/thumb/v6-m/nofp/libg.a(libc_a-freer.o)
                0x1000adf4                _free_r
 *(.fini)
 .fini          0x1000afe4        0x4 /home/jason/.pico-sdk/toolchain/14_2_Rel1/bin/../lib/gcc/arm-none-eabi/14.2.1/thumb/v6-m/nofp/crti.o
                0x1000afe4                _fini
 .fini.__stub   0x1000afe8       0x70 linker stubs
 *crtbegin.o(.ctors)
 *crtbegin?.o(.ctors)
 *(EXCLUDE_FILE(*crtend.o *crtend?.o) .ctors)
 *(SORT_BY_NAME(.ctors.*))
 *(.ctors)
 *crtbegin.o(.dtors)
 *crtbegin?.o(.dtors)
 *(EXCLUDE_FILE(*crtend.o *crtend?.o) .dtors)
 *(SORT_BY_NAME(.dtors.*))
 *(.dtors)
                0x1000b058                        . = ALIGN (0x4)
                0x1000b058                        PROVIDE (__preinit_array_start = .)
 *(SORT_BY_NAME(.preinit_array.*))
 .preinit_array.00100
                0x1000b058        0x4 CMakeFiles/remapper_dual_b.dir/pico-sdk/src/rp2_common/pico_runtime_init/runtime_init.c.o
                0x1000b058                __pre_init_runtime_init_early_resets
 .preinit_array.00101
                0x1000b05c        0x4 CMakeFiles/remapper_dual_b.dir/pico-sdk/src/rp2_common/pico_runtime_init/runtime_init.c.o
                0x1000b05c                __pre_init_runtime_init_usb_power_down
 .preinit_array.00275
                0x1000b060        0x4 CMakeFiles/remapper_dual_b.dir/pico-sdk/src/rp2_common/pico_bit_ops/bit_ops_aeabi.S.o
 .preinit_array.00300
                0x1000b064        0x4 CMakeFiles/remapper_dual_b.dir/pico-sdk/src/rp2_common/pico_mem_ops/mem_ops_aeabi.S.o
 .preinit_array.00350
                0x1000b068        0x4 CMakeFiles/remapper_dual_b.dir/pico-sdk/src/rp2_common/pico_double/double_aeabi_rp2040.S.o
 .preinit_array.00350
                0x1000b06c        0x4 CMakeFiles/remapper_dual_b.dir/pico-sdk/src/rp2_common/pico_float/float_aeabi_rp2040.S.o
 .preinit_array.00500
                0x1000b070        0x4 CMakeFiles/remapper_dual_b.dir/pico-sdk/src/rp2_common/pico_runtime_init/runtime_init.c.o
                0x1000b070                __pre_init_runtime_init_clocks
 .preinit_array.00600
                0x1000b074        0x4 CMakeFiles/remapper_dual_b.dir/pico-sdk/src/rp2_common/pico_runtime_init/runtime_init.c.o
                0x1000b074                __pre_init_runtime_init_post_clock_resets
 .preinit_array.00700
                0x1000b078        0x4 CMakeFiles/remapper_dual_b.dir/pico-sdk/src/rp2_common/pico_runtime_init/runtime_init.c.o
                0x1000b078                __pre_init_runtime_init_rp2040_gpio_ie_disable
 .preinit_array.01000
                0x1000b07c        0x4 CMakeFiles/remapper_dual_b.dir/pico-sdk/src/rp2_common/pico_runtime_init/runtime_init.c.o
                0x1000b07c                __pre_init_runtime_init_spin_locks_reset
 .preinit_array.01100
                0x1000b080        0x4 CMakeFiles/remapper_dual_b.dir/pico-sdk/src/common/pico_sync/mutex.c.o
                0x1000b080                __pre_init_runtime_init_mutex
 .preinit_array.10080
                0x1000b084        0x4 CMakeFiles/remapper_dual_b.dir/pico-sdk/src/rp2_common/pico_runtime_init/runtime_init.c.o
                0x1000b084                __pre_init_runtime_init_install_ram_vector_table
 .preinit_array.11000
                0x1000b088        0x4 CMakeFiles/remapper_dual_b.dir/pico-sdk/src/common/pico_time/time.c.o
                0x1000b088                __pre_init_runtime_init_default_alarm_pool
 .preinit_array.YYYYY
                0x1000b08c        0x4 CMakeFiles/remapper_dual_b.dir/pico-sdk/src/rp2_common/pico_runtime/runtime.c.o
                0x1000b08c                __pre_init_first_per_core_initializer
 .preinit_array.ZZZZZ.01200
                0x1000b090        0x4 CMakeFiles/remapper_dual_b.dir/pico-sdk/src/rp2_common/hardware_irq/irq.c.o
                0x1000b090                __pre_init_runtime_init_per_core_irq_priorities
 *(.preinit_array)
                0x1000b094                        PROVIDE (__preinit_array_end = .)
                0x1000b094                        . = ALIGN (0x4)
                0x1000b094                        PROVIDE (__init_array_start = .)
 *(SORT_BY_NAME(.init_array.*))
 *(.init_array)
 .init_array    0x1000b094        0x4 /home/jason/.pico-sdk/toolchain/14_2_Rel1/bin/../lib/gcc/arm-none-eabi/14.2.1/thumb/v6-m/nofp/crtbegin.o
 .init_array    0x1000b098        0x4 CMakeFiles/remapper_dual_b.dir/pico-sdk/src/rp2_common/pico_unique_id/unique_id.c.o
                0x1000b09c                        PROVIDE (__init_array_end = .)
                0x1000b09c                        . = ALIGN (0x4)
                [!provide]                        PROVIDE (__fini_array_start = .)
 *(SORT_BY_NAME(.fini_array.*))
 *(.fini_array)
                [!provide]                        PROVIDE (__fini_array_end = .)
 *(.eh_frame*)
 .eh_frame      0x1000b09c        0x0 /home/jason/.pico-sdk/toolchain/14_2_Rel1/bin/../lib/gcc/arm-none-eabi/14.2.1/thumb/v6-m/nofp/crtbegin.o
                0x1000b09c                        . = ALIGN (0x4)

.glue_7         0x1000b09c        0x0
 .glue_7        0x1000b09c        0x0 linker stubs

.glue_7t        0x1000b09c        0x0
 .glue_7t       0x1000b09c        0x0 linker stubs

.vfp11_veneer   0x1000b09c        0x0
 .vfp11_veneer  0x1000b09c        0x0 linker stubs

.v4_bx          0x1000b09c        0x0
 .v4_bx         0x1000b09c        0x0 linker stubs

.iplt           0x1000b09c        0x0
 .iplt          0x1000b09c        0x0 /home/jason/.pico-sdk/toolchain/14_2_Rel1/bin/../lib/gcc/arm-none-eabi/14.2.1/thumb/v6-m/nofp/crtbegin.o

.rodata         0x1000b0a0      0x63c
 *(EXCLUDE_FILE(*libm.a: *libc.a:*lib_a-mem*.o *libgcc.a:) .rodata*)
 .rodata._Z15serial_callbackPKht
                0x1000b0a0       0x18 CMakeFiles/remapper_dual_b.dir/src/remapper_dual_b.cc.o
 .rodata.tuh_hid_mount_cb.str1.4
                0x1000b0b8      0x228 CMakeFiles/remapper_dual_b.dir/src/remapper_dual_b.cc.o
                                 0x11 (size before relaxing)
 .rodata.tuh_hid_umount_cb.str1.4
                0x1000b2e0       0x19 CMakeFiles/remapper_dual_b.dir/src/remapper_dual_b.cc.o
 .rodata._Z11serial_readPFbPKhtE.str1.4
                0x1000b2e0        0xa CMakeFiles/remapper_dual_b.dir/src/serial.cc.o
 .rodata._Z19do_queue_out_reportPKhthhh7OutType.str1.4
                0x1000b2e0        0xe CMakeFiles/remapper_dual_b.dir/src/out_report.cc.o
 .rodata._ZL14ws2812_program
                0x1000b2e0        0x8 CMakeFiles/remapper_dual_b.dir/src/led_driver.cc.o
 .rodata._ZL27ws2812_program_instructions
                0x1000b2e8        0x8 CMakeFiles/remapper_dual_b.dir/src/led_driver.cc.o
 .rodata._ZL19xbox_360_descriptor
                0x1000b2f0       0x7f CMakeFiles/remapper_dual_b.dir/src/xbox.cc.o
 *fill*         0x1000b36f        0x1 
 .rodata._ZL19xbox_one_descriptor
                0x1000b370       0x89 CMakeFiles/remapper_dual_b.dir/src/xbox.cc.o
 .rodata.panic.str1.4
                0x1000b3f9       0x12 CMakeFiles/remapper_dual_b.dir/pico-sdk/src/rp2_common/pico_platform_panic/panic.c.o
 .rodata.spin_lock_claim_unused.str1.4
                0x1000b3f9       0x1b CMakeFiles/remapper_dual_b.dir/pico-sdk/src/rp2_common/hardware_sync/sync.c.o
 .rodata.timer_hardware_alarm_claim.str1.4
                0x1000b3f9       0x22 CMakeFiles/remapper_dual_b.dir/pico-sdk/src/rp2_common/hardware_timer/timer.c.o
 .rodata.hard_assertion_failure.str1.4
                0x1000b3f9        0xc CMakeFiles/remapper_dual_b.dir/pico-sdk/src/rp2_common/pico_runtime/runtime.c.o
 .rodata.missing_double_func_shim.str1.4
                0x1000b3f9       0x18 CMakeFiles/remapper_dual_b.dir/pico-sdk/src/rp2_common/pico_double/double_init_rom_rp2040.c.o
 .rodata.missing_float_func_shim.str1.4
                0x1000b3f9        0x1 CMakeFiles/remapper_dual_b.dir/pico-sdk/src/rp2_common/pico_float/float_init_rom_rp2040.c.o
 .rodata.__wrap_malloc.str1.4
                0x1000b3f9        0xe CMakeFiles/remapper_dual_b.dir/pico-sdk/src/rp2_common/pico_malloc/malloc.c.o
 .rodata.str1.4
                0x1000b3f9       0x54 CMakeFiles/remapper_dual_b.dir/pico-sdk/src/rp2_common/pico_standard_binary_info/standard_binary_info.c.o
 *fill*         0x1000b3f9        0x3 
 .rodata.__bi_84
                0x1000b3fc        0xc CMakeFiles/remapper_dual_b.dir/pico-sdk/src/rp2_common/pico_standard_binary_info/standard_binary_info.c.o
 .rodata.__bi_78
                0x1000b408        0xc CMakeFiles/remapper_dual_b.dir/pico-sdk/src/rp2_common/pico_standard_binary_info/standard_binary_info.c.o
 .rodata.__bi_54
                0x1000b414        0xc CMakeFiles/remapper_dual_b.dir/pico-sdk/src/rp2_common/pico_standard_binary_info/standard_binary_info.c.o
 .rodata.__bi_48
                0x1000b420        0xc CMakeFiles/remapper_dual_b.dir/pico-sdk/src/rp2_common/pico_standard_binary_info/standard_binary_info.c.o
 .rodata.__bi_42
                0x1000b42c        0xc CMakeFiles/remapper_dual_b.dir/pico-sdk/src/rp2_common/pico_standard_binary_info/standard_binary_info.c.o
 .rodata.__bi_34
                0x1000b438        0xc CMakeFiles/remapper_dual_b.dir/pico-sdk/src/rp2_common/pico_standard_binary_info/standard_binary_info.c.o
 .rodata.__bi_26
                0x1000b444        0xc CMakeFiles/remapper_dual_b.dir/pico-sdk/src/rp2_common/pico_standard_binary_info/standard_binary_info.c.o
 .rodata._ftoa.str1.4
                0x1000b450       0x15 CMakeFiles/remapper_dual_b.dir/pico-sdk/src/rp2_common/pico_printf/printf.c.o
 .rodata._vsnprintf
                0x1000b450      0x19c CMakeFiles/remapper_dual_b.dir/pico-sdk/src/rp2_common/pico_printf/printf.c.o
 *fill*         0x1000b5ec        0x4 
 .rodata.pow10.0
                0x1000b5f0       0x50 CMakeFiles/remapper_dual_b.dir/pico-sdk/src/rp2_common/pico_printf/printf.c.o
 .rodata.crlf_str.0
                0x1000b640        0x2 CMakeFiles/remapper_dual_b.dir/pico-sdk/src/rp2_common/pico_stdio/stdio.c.o
 .rodata.str1.4
                0x1000b642       0x2c CMakeFiles/remapper_dual_b.dir/pico-sdk/src/rp2_common/pico_stdio_uart/stdio_uart.c.o
 *fill*         0x1000b642        0x2 
 .rodata.__bi_45.4
                0x1000b644        0xc CMakeFiles/remapper_dual_b.dir/pico-sdk/src/rp2_common/pico_stdio_uart/stdio_uart.c.o
 .rodata.__bi_49.5
                0x1000b650        0x8 CMakeFiles/remapper_dual_b.dir/pico-sdk/src/rp2_common/pico_stdio_uart/stdio_uart.c.o
 .rodata.__bi_50.6
                0x1000b658        0x8 CMakeFiles/remapper_dual_b.dir/pico-sdk/src/rp2_common/pico_stdio_uart/stdio_uart.c.o
 .rodata.pio_claim_unused_sm.str1.4
                0x1000b660       0x24 CMakeFiles/remapper_dual_b.dir/pico-sdk/src/rp2_common/hardware_pio/pio.c.o
 .rodata.hcd_rp2040_irq.str1.4
                0x1000b660       0x40 CMakeFiles/remapper_dual_b.dir/tinyusb/src/portable/raspberrypi/rp2040/hcd_rp2040.c.o
 .rodata.hcd_port_speed_get.str1.4
                0x1000b660        0xf CMakeFiles/remapper_dual_b.dir/tinyusb/src/portable/raspberrypi/rp2040/hcd_rp2040.c.o
 .rodata._hw_endpoint_buffer_control_update32.str1.4
                0x1000b660       0x1e CMakeFiles/remapper_dual_b.dir/tinyusb/src/portable/raspberrypi/rp2040/rp2040_usb.c.o
 .rodata.hw_endpoint_xfer_continue.str1.4
                0x1000b660       0x28 CMakeFiles/remapper_dual_b.dir/tinyusb/src/portable/raspberrypi/rp2040/rp2040_usb.c.o
 .rodata.process_enumeration
                0x1000b660       0x34 CMakeFiles/remapper_dual_b.dir/tinyusb/src/host/usbh.c.o
 .rodata.usbh_class_drivers
                0x1000b694       0x38 CMakeFiles/remapper_dual_b.dir/tinyusb/src/host/usbh.c.o
 .rodata        0x1000b6cc        0x8 CMakeFiles/remapper_dual_b.dir/tinyusb/src/host/hub.c.o
 .rodata.__bi_157.0
                0x1000b6d4        0x8 CMakeFiles/remapper_dual_b.dir/tinyusb/hw/bsp/rp2040/family.c.o
                0x1000b6dc                        . = ALIGN (0x4)
 *(SORT_BY_ALIGNMENT(SORT_BY_NAME(.flashdata*)))
                0x1000b6dc                        . = ALIGN (0x4)

.ARM.extab
 *(.ARM.extab* .gnu.linkonce.armextab.*)
                0x1000b6dc                        __exidx_start = .

.ARM.exidx
 *(.ARM.exidx* .gnu.linkonce.armexidx.*)
                0x1000b6dc                        __exidx_end = .
                0x1000b6dc                        . = ALIGN (0x4)
                0x1000b6dc                        __binary_info_start = .

.binary_info    0x1000b6dc       0x2c
 *(.binary_info.keep.*)
 .binary_info.keep.__bi_ptr84
                0x1000b6dc        0x4 CMakeFiles/remapper_dual_b.dir/pico-sdk/src/rp2_common/pico_standard_binary_info/standard_binary_info.c.o
 .binary_info.keep.__bi_ptr78
                0x1000b6e0        0x4 CMakeFiles/remapper_dual_b.dir/pico-sdk/src/rp2_common/pico_standard_binary_info/standard_binary_info.c.o
 .binary_info.keep.__bi_ptr54
                0x1000b6e4        0x4 CMakeFiles/remapper_dual_b.dir/pico-sdk/src/rp2_common/pico_standard_binary_info/standard_binary_info.c.o
 .binary_info.keep.__bi_ptr48
                0x1000b6e8        0x4 CMakeFiles/remapper_dual_b.dir/pico-sdk/src/rp2_common/pico_standard_binary_info/standard_binary_info.c.o
 .binary_info.keep.__bi_ptr42
                0x1000b6ec        0x4 CMakeFiles/remapper_dual_b.dir/pico-sdk/src/rp2_common/pico_standard_binary_info/standard_binary_info.c.o
 .binary_info.keep.__bi_ptr34
                0x1000b6f0        0x4 CMakeFiles/remapper_dual_b.dir/pico-sdk/src/rp2_common/pico_standard_binary_info/standard_binary_info.c.o
 .binary_info.keep.__bi_ptr26
                0x1000b6f4        0x4 CMakeFiles/remapper_dual_b.dir/pico-sdk/src/rp2_common/pico_standard_binary_info/standard_binary_info.c.o
 .binary_info.keep.__bi_ptr157
                0x1000b6f8        0x4 CMakeFiles/remapper_dual_b.dir/tinyusb/hw/bsp/rp2040/family.c.o
 *(.binary_info.*)
 .binary_info.__bi_ptr50
                0x1000b6fc        0x4 CMakeFiles/remapper_dual_b.dir/pico-sdk/src/rp2_common/pico_stdio_uart/stdio_uart.c.o
 .binary_info.__bi_ptr49
                0x1000b700        0x4 CMakeFiles/remapper_dual_b.dir/pico-sdk/src/rp2_common/pico_stdio_uart/stdio_uart.c.o
 .binary_info.__bi_ptr45
                0x1000b704        0x4 CMakeFiles/remapper_dual_b.dir/pico-sdk/src/rp2_common/pico_stdio_uart/stdio_uart.c.o
                0x1000b708                        __binary_info_end = .

.rel.dyn        0x1000b708        0x0
 .rel.iplt      0x1000b708        0x0 /home/jason/.pico-sdk/toolchain/14_2_Rel1/bin/../lib/gcc/arm-none-eabi/14.2.1/thumb/v6-m/nofp/crtbegin.o
                0x1000b708                        . = ALIGN (0x4)

.ram_vector_table
                0x20000000       0xc0
 *(.ram_vector_table)
 .ram_vector_table
                0x20000000       0xc0 CMakeFiles/remapper_dual_b.dir/pico-sdk/src/rp2_common/pico_runtime_init/runtime_init.c.o
                0x20000000                ram_vector_table

.uninitialized_data
                0x200000c0        0x0
                0x200000c0                        . = ALIGN (0x4)
 *(.uninitialized_data*)

.data           0x200000c0      0xe48 load address 0x1000b708
                0x200000c0                        __data_start__ = .
 *(vtable)
 *(.time_critical*)
 .time_critical.mutex_try_enter_block_until
                0x200000c0       0x98 CMakeFiles/remapper_dual_b.dir/pico-sdk/src/common/pico_sync/mutex.c.o
                0x200000c0                mutex_try_enter_block_until
 .time_critical.mutex_enter_timeout_ms
                0x20000158       0x8c CMakeFiles/remapper_dual_b.dir/pico-sdk/src/common/pico_sync/mutex.c.o
                0x20000158                mutex_enter_timeout_ms
 .time_critical.mutex_exit
                0x200001e4       0x28 CMakeFiles/remapper_dual_b.dir/pico-sdk/src/common/pico_sync/mutex.c.o
                0x200001e4                mutex_exit
 .time_critical.tinyusb
                0x2000020c       0x78 CMakeFiles/remapper_dual_b.dir/tinyusb/src/host/usbh.c.o
                0x2000020c                hcd_event_handler
 .time_critical.flash_init_boot2_copyout
                0x20000284       0x30 CMakeFiles/remapper_dual_b.dir/pico-sdk/src/rp2_common/hardware_flash/flash.c.o
 .time_critical.flash_enable_xip_via_boot2
                0x200002b4        0xc CMakeFiles/remapper_dual_b.dir/pico-sdk/src/rp2_common/hardware_flash/flash.c.o
 .time_critical.flash_cs_force
                0x200002c0       0x38 CMakeFiles/remapper_dual_b.dir/pico-sdk/src/rp2_common/hardware_flash/flash.c.o
 .time_critical.flash_do_cmd
                0x200002f8      0x130 CMakeFiles/remapper_dual_b.dir/pico-sdk/src/rp2_common/hardware_flash/flash.c.o
                0x200002f8                flash_do_cmd
 *(.text*)
 .text          0x20000428        0x4 /home/jason/.pico-sdk/toolchain/14_2_Rel1/bin/../lib/gcc/arm-none-eabi/14.2.1/thumb/v6-m/nofp/libgcc.a(_dvmd_tls.o)
                0x20000428                __aeabi_ldiv0
                0x20000428                __aeabi_idiv0
 *fill*         0x2000042c        0x4 
 .text.__stub   0x20000430       0x50 linker stubs
                0x20000480                        . = ALIGN (0x4)
 *(.rodata*)
                0x20000480                        . = ALIGN (0x4)
 *(.data*)
 .data.crc_table
                0x20000480      0x400 CMakeFiles/remapper_dual_b.dir/src/crc.cc.o
                0x20000480                crc_table
 .data._ZL13ready_to_send
                0x20000880        0x1 CMakeFiles/remapper_dual_b.dir/src/out_report.cc.o
 *fill*         0x20000881        0x3 
 .data._ZZ22usbh_app_driver_get_cbE11host_driver
                0x20000884       0x38 CMakeFiles/remapper_dual_b.dir/src/app_driver.cc.o
 .data._ZL5init3
                0x200008bc        0x6 CMakeFiles/remapper_dual_b.dir/src/xbox.cc.o
 *fill*         0x200008c2        0x2 
 .data._ZL5init2
                0x200008c4        0x5 CMakeFiles/remapper_dual_b.dir/src/xbox.cc.o
 *fill*         0x200008c9        0x3 
 .data._ZL5init1
                0x200008cc        0x5 CMakeFiles/remapper_dual_b.dir/src/xbox.cc.o
 .data.striped_spin_lock_num
                0x200008d1        0x1 CMakeFiles/remapper_dual_b.dir/pico-sdk/src/rp2_common/hardware_sync/sync.c.o
 *fill*         0x200008d2        0x2 
 .data          0x200008d4       0x48 CMakeFiles/remapper_dual_b.dir/pico-sdk/src/rp2_common/hardware_irq/irq_handler_chain.S.o
                0x200008d4                irq_handler_chain_slots
                0x20000904                irq_handler_chain_first_slot
                0x2000090e                irq_handler_chain_remove_tail
 .data.default_alarm_pool
                0x2000091c       0x18 CMakeFiles/remapper_dual_b.dir/pico-sdk/src/common/pico_time/time.c.o
 *fill*         0x20000934        0xc 
 .data.aeabi_bits_funcs
                0x20000940       0x10 CMakeFiles/remapper_dual_b.dir/pico-sdk/src/rp2_common/pico_bit_ops/bit_ops_aeabi.S.o
                0x20000940                aeabi_bits_funcs
                0x20000950                aeabi_bits_funcs_end
 .data.aeabi_mem_funcs
                0x20000950       0x10 CMakeFiles/remapper_dual_b.dir/pico-sdk/src/rp2_common/pico_mem_ops/mem_ops_aeabi.S.o
                0x20000950                aeabi_mem_funcs
                0x20000960                aeabi_mem_funcs_end
 .data.stdio_uart
                0x20000960       0x18 CMakeFiles/remapper_dual_b.dir/pico-sdk/src/rp2_common/pico_stdio_uart/stdio_uart.c.o
                0x20000960                stdio_uart
 .data._usbh_qdef
                0x20000978       0x1c CMakeFiles/remapper_dual_b.dir/tinyusb/src/host/usbh.c.o
                0x20000978                _usbh_qdef
 .data._usbh_controller
                0x20000994        0x1 CMakeFiles/remapper_dual_b.dir/tinyusb/src/host/usbh.c.o
 *fill*         0x20000995        0x3 
 .data.midih_limits
                0x20000998        0xc CMakeFiles/remapper_dual_b.dir/usb_midi_host/usb_midi_host.c.o
 .data.__malloc_sbrk_base
                0x200009a4        0x4 /home/jason/.pico-sdk/toolchain/14_2_Rel1/bin/../lib/gcc/arm-none-eabi/14.2.1/../../../../arm-none-eabi/lib/thumb/v6-m/nofp/libg.a(libc_a-mallocr.o)
                0x200009a4                __malloc_sbrk_base
 .data.__malloc_trim_threshold
                0x200009a8        0x4 /home/jason/.pico-sdk/toolchain/14_2_Rel1/bin/../lib/gcc/arm-none-eabi/14.2.1/../../../../arm-none-eabi/lib/thumb/v6-m/nofp/libg.a(libc_a-mallocr.o)
                0x200009a8                __malloc_trim_threshold
 *fill*         0x200009ac        0x4 
 .data.__malloc_av_
                0x200009b0      0x408 /home/jason/.pico-sdk/toolchain/14_2_Rel1/bin/../lib/gcc/arm-none-eabi/14.2.1/../../../../arm-none-eabi/lib/thumb/v6-m/nofp/libg.a(libc_a-mallocr.o)
                0x200009b0                __malloc_av_
 .data._impure_ptr
                0x20000db8        0x4 /home/jason/.pico-sdk/toolchain/14_2_Rel1/bin/../lib/gcc/arm-none-eabi/14.2.1/../../../../arm-none-eabi/lib/thumb/v6-m/nofp/libg.a(libc_a-impure.o)
                0x20000db8                _impure_ptr
 *fill*         0x20000dbc        0x4 
 .data._impure_data
                0x20000dc0      0x140 /home/jason/.pico-sdk/toolchain/14_2_Rel1/bin/../lib/gcc/arm-none-eabi/14.2.1/../../../../arm-none-eabi/lib/thumb/v6-m/nofp/libg.a(libc_a-impure.o)
                0x20000dc0                _impure_data
                0x20000f00                        . = ALIGN (0x4)
 *(.after_data.*)
                0x20000f00                        . = ALIGN (0x4)
                0x20000f00                        PROVIDE (__mutex_array_start = .)
 *(SORT_BY_NAME(.mutex_array.*))
 *(.mutex_array)
 .mutex_array   0x20000f00        0x8 CMakeFiles/remapper_dual_b.dir/pico-sdk/src/rp2_common/pico_stdio/stdio.c.o
                0x20000f08                        PROVIDE (__mutex_array_end = .)
                0x20000f08                        . = ALIGN (0x4)
 *(.jcr)
                0x20000f08                        . = ALIGN (0x4)

.tm_clone_table
                0x20000f08        0x0 load address 0x1000c550
 .tm_clone_table
                0x20000f08        0x0 /home/jason/.pico-sdk/toolchain/14_2_Rel1/bin/../lib/gcc/arm-none-eabi/14.2.1/thumb/v6-m/nofp/crtbegin.o
 .tm_clone_table
                0x20000f08        0x0 /home/jason/.pico-sdk/toolchain/14_2_Rel1/bin/../lib/gcc/arm-none-eabi/14.2.1/thumb/v6-m/nofp/crtend.o

.igot.plt       0x20000f08        0x0 load address 0x1000c550
 .igot.plt      0x20000f08        0x0 /home/jason/.pico-sdk/toolchain/14_2_Rel1/bin/../lib/gcc/arm-none-eabi/14.2.1/thumb/v6-m/nofp/crtbegin.o

.tdata          0x20000f08        0x0 load address 0x1000c550
                0x20000f08                        . = ALIGN (0x4)
 *(.tdata .tdata.* .gnu.linkonce.td.*)
                0x20000f08                        __tdata_end = .
                0x20000f08                        PROVIDE (__data_end__ = .)
                0x1000b708                        __etext = LOADADDR (.data)

.tbss           0x20000f08        0x0 load address 0x1000c550
                0x20000f08                        . = ALIGN (0x4)
                0x20000f08                        __bss_start__ = .
                0x20000f08                        __tls_base = .
 *(.tbss .tbss.* .gnu.linkonce.tb.*)
 *(.tcommon)
                0x20000f08                        __tls_end = .

.bss            0x20000f08     0x336c load address 0x1000c550
                0x20000f08                        . = ALIGN (0x4)
                0x20000f08                        __tbss_end = .
 *(SORT_BY_ALIGNMENT(SORT_BY_NAME(.bss*)))
 .bss._ZL18turn_led_off_after
                0x20000f08        0x8 CMakeFiles/remapper_dual_b.dir/src/activity_led.cc.o
 .bss._ZL5xdevs
                0x20000f10      0x280 CMakeFiles/remapper_dual_b.dir/src/xbox.cc.o
 .bss._hidh_itf
                0x20001190      0x900 CMakeFiles/remapper_dual_b.dir/tinyusb/src/class/hid/hid_host.c.o
 .bss.default_alarm_pool_entries
                0x20001a90      0x180 CMakeFiles/remapper_dual_b.dir/pico-sdk/src/common/pico_time/time.c.o
 .bss.sd_table  0x20001c10      0x100 CMakeFiles/remapper_dual_b.dir/pico-sdk/src/rp2_common/pico_double/double_init_rom_rp2040.c.o
                0x20001c10                sd_table
 .bss._ZL10get_buffer
                0x20001d10       0x40 CMakeFiles/remapper_dual_b.dir/src/out_report.cc.o
 .bss._ZL15outgoing_buffer
                0x20001d50      0x200 CMakeFiles/remapper_dual_b.dir/src/serial.cc.o
 .bss._ZL20outgoing_out_reports
                0x20001f50      0x240 CMakeFiles/remapper_dual_b.dir/src/out_report.cc.o
 .bss._ZL2sm    0x20002190        0x4 CMakeFiles/remapper_dual_b.dir/src/led_driver.cc.o
 .bss._ZL3pio   0x20002194        0x4 CMakeFiles/remapper_dual_b.dir/src/led_driver.cc.o
 .bss._ZL6offset
                0x20002198        0x4 CMakeFiles/remapper_dual_b.dir/src/led_driver.cc.o
 .bss._ZZ11serial_readPFbPKhtEE6buffer
                0x2000219c      0x220 CMakeFiles/remapper_dual_b.dir/src/serial.cc.o
 .bss.__lock___malloc_recursive_mutex
                0x200023bc        0x1 /home/jason/.pico-sdk/toolchain/14_2_Rel1/bin/../lib/gcc/arm-none-eabi/14.2.1/../../../../arm-none-eabi/lib/thumb/v6-m/nofp/libg.a(libc_a-lock.o)
                0x200023bc                __lock___malloc_recursive_mutex
 *fill*         0x200023bd        0x3 
 .bss.__malloc_current_mallinfo
                0x200023c0       0x28 /home/jason/.pico-sdk/toolchain/14_2_Rel1/bin/../lib/gcc/arm-none-eabi/14.2.1/../../../../arm-none-eabi/lib/thumb/v6-m/nofp/libg.a(libc_a-mallocr.o)
                0x200023c0                __malloc_current_mallinfo
 .bss.__malloc_max_sbrked_mem
                0x200023e8        0x4 /home/jason/.pico-sdk/toolchain/14_2_Rel1/bin/../lib/gcc/arm-none-eabi/14.2.1/../../../../arm-none-eabi/lib/thumb/v6-m/nofp/libg.a(libc_a-mallocr.o)
                0x200023e8                __malloc_max_sbrked_mem
 .bss.__malloc_max_total_mem
                0x200023ec        0x4 /home/jason/.pico-sdk/toolchain/14_2_Rel1/bin/../lib/gcc/arm-none-eabi/14.2.1/../../../../arm-none-eabi/lib/thumb/v6-m/nofp/libg.a(libc_a-mallocr.o)
                0x200023ec                __malloc_max_total_mem
 .bss.__malloc_top_pad
                0x200023f0        0x4 /home/jason/.pico-sdk/toolchain/14_2_Rel1/bin/../lib/gcc/arm-none-eabi/14.2.1/../../../../arm-none-eabi/lib/thumb/v6-m/nofp/libg.a(libc_a-mallocr.o)
                0x200023f0                __malloc_top_pad
 .bss.__sf      0x200023f4      0x138 /home/jason/.pico-sdk/toolchain/14_2_Rel1/bin/../lib/gcc/arm-none-eabi/14.2.1/../../../../arm-none-eabi/lib/thumb/v6-m/nofp/libg.a(libc_a-findfp.o)
                0x200023f4                __sf
 .bss._app_driver
                0x2000252c        0x4 CMakeFiles/remapper_dual_b.dir/tinyusb/src/host/usbh.c.o
 .bss._ctrl_xfer
                0x20002530       0x18 CMakeFiles/remapper_dual_b.dir/tinyusb/src/host/usbh.c.o
                0x20002530                _ctrl_xfer
 .bss._dev0     0x20002548        0x4 CMakeFiles/remapper_dual_b.dir/tinyusb/src/host/usbh.c.o
 .bss._hub_buffer
                0x2000254c        0x9 CMakeFiles/remapper_dual_b.dir/tinyusb/src/host/hub.c.o
 *fill*         0x20002555        0x3 
 .bss._midi_host
                0x20002558      0xdc0 CMakeFiles/remapper_dual_b.dir/usb_midi_host/usb_midi_host.c.o
 .bss._usbh_ctrl_buf
                0x20003318      0x200 CMakeFiles/remapper_dual_b.dir/tinyusb/src/host/usbh.c.o
 .bss._usbh_devices
                0x20003518      0x5b6 CMakeFiles/remapper_dual_b.dir/tinyusb/src/host/usbh.c.o
 *fill*         0x20003ace        0x2 
 .bss._usbh_mutex
                0x20003ad0        0x4 CMakeFiles/remapper_dual_b.dir/tinyusb/src/host/usbh.c.o
 .bss._usbh_mutexdef
                0x20003ad4        0x8 CMakeFiles/remapper_dual_b.dir/tinyusb/src/host/usbh.c.o
 .bss._usbh_q   0x20003adc        0x4 CMakeFiles/remapper_dual_b.dir/tinyusb/src/host/usbh.c.o
 .bss._usbh_qdef_buf
                0x20003ae0       0xc0 CMakeFiles/remapper_dual_b.dir/tinyusb/src/host/usbh.c.o
                0x20003ae0                _usbh_qdef_buf
 .bss._used_instruction_space
                0x20003ba0        0x8 CMakeFiles/remapper_dual_b.dir/pico-sdk/src/rp2_common/hardware_pio/pio.c.o
 .bss.boot2_copyout
                0x20003ba8      0x100 CMakeFiles/remapper_dual_b.dir/pico-sdk/src/rp2_common/hardware_flash/flash.c.o
 .bss.buffer    0x20003ca8      0x209 CMakeFiles/remapper_dual_b.dir/src/remapper_dual_b.cc.o
                0x20003ca8                buffer
 *fill*         0x20003eb1        0x3 
 .bss.chars_available_callback
                0x20003eb4        0x4 CMakeFiles/remapper_dual_b.dir/pico-sdk/src/rp2_common/pico_stdio_uart/stdio_uart.c.o
 .bss.chars_available_param
                0x20003eb8        0x4 CMakeFiles/remapper_dual_b.dir/pico-sdk/src/rp2_common/pico_stdio_uart/stdio_uart.c.o
 .bss.claimed   0x20003ebc        0x4 CMakeFiles/remapper_dual_b.dir/pico-sdk/src/rp2_common/hardware_sync/sync.c.o
 .bss.claimed   0x20003ec0        0x1 CMakeFiles/remapper_dual_b.dir/pico-sdk/src/rp2_common/hardware_timer/timer.c.o
 *fill*         0x20003ec1        0x3 
 .bss.claimed   0x20003ec4        0x1 CMakeFiles/remapper_dual_b.dir/pico-sdk/src/rp2_common/hardware_pio/pio.c.o
 *fill*         0x20003ec5        0x3 
 .bss.configured_freq
                0x20003ec8       0x28 CMakeFiles/remapper_dual_b.dir/pico-sdk/src/rp2_common/hardware_clocks/clocks.c.o
 .bss.drivers   0x20003ef0        0x4 CMakeFiles/remapper_dual_b.dir/pico-sdk/src/rp2_common/pico_stdio/stdio.c.o
 .bss.ep_pool   0x20003ef4      0x200 CMakeFiles/remapper_dual_b.dir/tinyusb/src/portable/raspberrypi/rp2040/hcd_rp2040.c.o
 .bss.errno     0x200040f4        0x4 /home/jason/.pico-sdk/toolchain/14_2_Rel1/bin/../lib/gcc/arm-none-eabi/14.2.1/../../../../arm-none-eabi/lib/thumb/v6-m/nofp/libg.a(libc_a-reent.o)
                0x200040f4                errno
 .bss.filter    0x200040f8        0x4 CMakeFiles/remapper_dual_b.dir/pico-sdk/src/rp2_common/pico_stdio/stdio.c.o
 .bss.heap_end.0
                0x200040fc        0x4 CMakeFiles/remapper_dual_b.dir/pico-sdk/src/rp2_common/pico_clib_interface/newlib_interface.c.o
 .bss.hub_data  0x20004100       0x10 CMakeFiles/remapper_dual_b.dir/tinyusb/src/host/hub.c.o
 .bss.lazy_vsnprintf
                0x20004110        0x4 CMakeFiles/remapper_dual_b.dir/pico-sdk/src/rp2_common/pico_printf/printf.c.o
 .bss.load_value
                0x20004114        0x4 CMakeFiles/remapper_dual_b.dir/pico-sdk/src/rp2_common/hardware_watchdog/watchdog.c.o
 .bss.object.0  0x20004118       0x18 /home/jason/.pico-sdk/toolchain/14_2_Rel1/bin/../lib/gcc/arm-none-eabi/14.2.1/thumb/v6-m/nofp/crtbegin.o
 .bss.pools     0x20004130       0x10 CMakeFiles/remapper_dual_b.dir/pico-sdk/src/common/pico_time/time.c.o
 .bss.retrieved_id
                0x20004140        0x8 CMakeFiles/remapper_dual_b.dir/pico-sdk/src/rp2_common/pico_unique_id/unique_id.c.o
 .bss.sf_clz_func
                0x20004148        0x4 CMakeFiles/remapper_dual_b.dir/pico-sdk/src/rp2_common/pico_double/double_init_rom_rp2040.c.o
                0x20004148                sf_clz_func
 .bss.sf_table  0x2000414c      0x100 CMakeFiles/remapper_dual_b.dir/pico-sdk/src/rp2_common/pico_float/float_init_rom_rp2040.c.o
                0x2000414c                sf_table
 .bss.sleep_notifier
                0x2000424c        0x4 CMakeFiles/remapper_dual_b.dir/pico-sdk/src/common/pico_time/time.c.o
 .bss.uart_char_to_line_feed
                0x20004250        0x4 CMakeFiles/remapper_dual_b.dir/pico-sdk/src/rp2_common/hardware_uart/uart.c.o
                0x20004250                uart_char_to_line_feed
 .bss.uart_inst
                0x20004254        0x4 CMakeFiles/remapper_dual_b.dir/tinyusb/hw/bsp/rp2040/family.c.o
 .bss.uart_instance
                0x20004258        0x4 CMakeFiles/remapper_dual_b.dir/pico-sdk/src/rp2_common/pico_stdio_uart/stdio_uart.c.o
 .bss._ZL8buf_head
                0x2000425c        0x2 CMakeFiles/remapper_dual_b.dir/src/serial.cc.o
 .bss._ZL8buf_tail
                0x2000425e        0x2 CMakeFiles/remapper_dual_b.dir/src/serial.cc.o
 .bss._ZL9buf_items
                0x20004260        0x2 CMakeFiles/remapper_dual_b.dir/src/serial.cc.o
 .bss._ZZ11serial_readPFbPKhtEE10bytes_read
                0x20004262        0x2 CMakeFiles/remapper_dual_b.dir/src/serial.cc.o
 .bss._ZL18driver_initialized
                0x20004264        0x1 CMakeFiles/remapper_dual_b.dir/src/activity_led.cc.o
 .bss._ZL8oor_head
                0x20004265        0x1 CMakeFiles/remapper_dual_b.dir/src/out_report.cc.o
 .bss._ZL8oor_tail
                0x20004266        0x1 CMakeFiles/remapper_dual_b.dir/src/out_report.cc.o
 .bss._ZL9led_state
                0x20004267        0x1 CMakeFiles/remapper_dual_b.dir/src/activity_led.cc.o
 .bss._ZL9oor_items
                0x20004268        0x1 CMakeFiles/remapper_dual_b.dir/src/out_report.cc.o
 .bss._ZZ11serial_readPFbPKhtEE7escaped
                0x20004269        0x1 CMakeFiles/remapper_dual_b.dir/src/serial.cc.o
 .bss._app_driver_count
                0x2000426a        0x1 CMakeFiles/remapper_dual_b.dir/tinyusb/src/host/usbh.c.o
 .bss._hidh_default_protocol
                0x2000426b        0x1 CMakeFiles/remapper_dual_b.dir/tinyusb/src/class/hid/hid_host.c.o
 .bss.boot2_copyout_valid
                0x2000426c        0x1 CMakeFiles/remapper_dual_b.dir/pico-sdk/src/rp2_common/hardware_flash/flash.c.o
 .bss.failed_count.0
                0x2000426d        0x1 CMakeFiles/remapper_dual_b.dir/tinyusb/src/host/usbh.c.o
 .bss.initialized
                0x2000426e        0x1 CMakeFiles/remapper_dual_b.dir/src/remapper_dual_b.cc.o
                0x2000426e                initialized
 .bss.interval_override
                0x2000426f        0x1 CMakeFiles/remapper_dual_b.dir/src/interval_override.cc.o
                0x2000426f                interval_override
 .bss.irq_handler_chain_free_slot_head
                0x20004270        0x1 CMakeFiles/remapper_dual_b.dir/pico-sdk/src/rp2_common/hardware_irq/irq.c.o
 *(COMMON)
                0x20004274                        . = ALIGN (0x4)
 *fill*         0x20004271        0x3 
                0x20004274                        __bss_end__ = .

.heap           0x20004274      0x800 load address 0x1000c550
                0x20004274                        __end__ = .
                0x20004274                        end = __end__
 *(.heap*)
 .heap          0x20004274      0x800 CMakeFiles/remapper_dual_b.dir/pico-sdk/src/rp2_common/pico_crt0/crt0.S.o
                0x20040000                        __HeapLimit = (ORIGIN (RAM) + LENGTH (RAM))

.scratch_x      0x20040000        0x0 load address 0x1000c550
                0x20040000                        __scratch_x_start__ = .
 *(.scratch_x.*)
                0x20040000                        . = ALIGN (0x4)
                0x20040000                        __scratch_x_end__ = .
                0x1000c550                        __scratch_x_source__ = LOADADDR (.scratch_x)

.scratch_y      0x20041000        0x0 load address 0x1000c550
                0x20041000                        __scratch_y_start__ = .
 *(.scratch_y.*)
                0x20041000                        . = ALIGN (0x4)
                0x20041000                        __scratch_y_end__ = .
                0x1000c550                        __scratch_y_source__ = LOADADDR (.scratch_y)

.stack1_dummy
 *(.stack1*)

.stack_dummy    0x20041000      0x800
 *(.stack*)
 .stack         0x20041000      0x800 CMakeFiles/remapper_dual_b.dir/pico-sdk/src/rp2_common/pico_crt0/crt0.S.o

.flash_end      0x1000c550        0x0
 *(.embedded_end_block*)
                0x1000c550                        PROVIDE (__flash_binary_end = .)
                0x20040000                        __StackLimit = (ORIGIN (RAM) + LENGTH (RAM))
                0x20041000                        __StackOneTop = (ORIGIN (SCRATCH_X) + LENGTH (SCRATCH_X))
                0x20042000                        __StackTop = (ORIGIN (SCRATCH_Y) + LENGTH (SCRATCH_Y))
                0x20041000                        __StackOneBottom = (__StackOneTop - SIZEOF (.stack1_dummy))
                0x20041800                        __StackBottom = (__StackTop - SIZEOF (.stack_dummy))
                0x20042000                        PROVIDE (__stack = __StackTop)
                [!provide]                        PROVIDE (__heap_start = __end__)
                [!provide]                        PROVIDE (__heap_end = __HeapLimit)
                [!provide]                        PROVIDE (__tls_align = MAX (ALIGNOF (.tdata), ALIGNOF (.tbss)))
                [!provide]                        PROVIDE (__tls_size_align = (((__tls_size + __tls_align) - 0x1) & ~ ((__tls_align - 0x1))))
                [!provide]                        PROVIDE (__arm32_tls_tcb_offset = MAX (0x8, __tls_align))
                [!provide]                        PROVIDE (_end = __end__)
                [!provide]                        PROVIDE (__llvm_libc_heap_limit = __HeapLimit)
                0x00000001                        ASSERT ((__StackLimit >= __HeapLimit), region RAM overflowed)
                0x00000001                        ASSERT (((__binary_info_header_end - __logical_binary_start) <= 0x100), Binary info must be in first 256 bytes of the binary)
LOAD CMakeFiles/remapper_dual_b.dir/src/remapper_dual_b.cc.o
LOAD CMakeFiles/remapper_dual_b.dir/src/crc.cc.o
LOAD CMakeFiles/remapper_dual_b.dir/src/interval_override.cc.o
LOAD CMakeFiles/remapper_dual_b.dir/src/serial.cc.o
LOAD CMakeFiles/remapper_dual_b.dir/src/out_report.cc.o
LOAD CMakeFiles/remapper_dual_b.dir/src/activity_led.cc.o
LOAD CMakeFiles/remapper_dual_b.dir/src/led_driver.cc.o
LOAD CMakeFiles/remapper_dual_b.dir/src/app_driver.cc.o
LOAD CMakeFiles/remapper_dual_b.dir/src/xbox.cc.o
LOAD CMakeFiles/remapper_dual_b.dir/pico-sdk/src/rp2_common/pico_stdlib/stdlib.c.o
LOAD CMakeFiles/remapper_dual_b.dir/pico-sdk/src/rp2_common/hardware_gpio/gpio.c.o
LOAD CMakeFiles/remapper_dual_b.dir/pico-sdk/src/rp2040/pico_platform/platform.c.o
LOAD CMakeFiles/remapper_dual_b.dir/pico-sdk/src/rp2_common/pico_platform_panic/panic.c.o